#
# There is insufficient memory for the Java Runtime Environment to continue.
# Native memory allocation (malloc) failed to allocate 1268656 bytes. Error detail: Chunk::new
# Possible reasons:
#   The system is out of physical RAM or swap space
#   This process is running with CompressedOops enabled, and the Java Heap may be blocking the growth of the native heap
# Possible solutions:
#   Reduce memory load on the system
#   Increase physical memory or swap space
#   Check if swap backing store is full
#   Decrease Java heap size (-Xmx/-Xms)
#   Decrease number of Java threads
#   Decrease Java thread stack sizes (-Xss)
#   Set larger code cache with -XX:ReservedCodeCacheSize=
#   JVM is running with Unscaled Compressed Oops mode in which the Java heap is
#     placed in the first 4GB address space. The Java Heap base address is the
#     maximum limit for the native heap growth. Please use -XX:HeapBaseMinAddress
#     to set the Java Heap base and to place the Java Heap above 4GB virtual address.
# This output file may be truncated or incomplete.
#
#  Out of Memory Error (arena.cpp:168), pid=6884, tid=13928
#
# JRE version: OpenJDK Runtime Environment Temurin-21.0.7+6 (21.0.7+6) (build 21.0.7+6-LTS)
# Java VM: OpenJDK 64-Bit Server VM Temurin-21.0.7+6 (21.0.7+6-LTS, mixed mode, sharing, tiered, compressed oops, compressed class ptrs, g1 gc, windows-amd64)
# No core dump will be written. Minidumps are not enabled by default on client versions of Windows
#

---------------  S U M M A R Y ------------

Command Line: c:\Users\duduh\.vscode\extensions\sonarsource.sonarlint-vscode-4.22.0-win32-x64\server\sonarlint-ls.jar -stdio -analyzers c:\Users\duduh\.vscode\extensions\sonarsource.sonarlint-vscode-4.22.0-win32-x64\analyzers\sonargo.jar c:\Users\duduh\.vscode\extensions\sonarsource.sonarlint-vscode-4.22.0-win32-x64\analyzers\sonarjava.jar c:\Users\duduh\.vscode\extensions\sonarsource.sonarlint-vscode-4.22.0-win32-x64\analyzers\sonarjavasymbolicexecution.jar c:\Users\duduh\.vscode\extensions\sonarsource.sonarlint-vscode-4.22.0-win32-x64\analyzers\sonarjs.jar c:\Users\duduh\.vscode\extensions\sonarsource.sonarlint-vscode-4.22.0-win32-x64\analyzers\sonarphp.jar c:\Users\duduh\.vscode\extensions\sonarsource.sonarlint-vscode-4.22.0-win32-x64\analyzers\sonarpython.jar c:\Users\duduh\.vscode\extensions\sonarsource.sonarlint-vscode-4.22.0-win32-x64\analyzers\sonarhtml.jar c:\Users\duduh\.vscode\extensions\sonarsource.sonarlint-vscode-4.22.0-win32-x64\analyzers\sonarxml.jar c:\Users\duduh\.vscode\extensions\sonarsource.sonarlint-vscode-4.22.0-win32-x64\analyzers\sonartext.jar c:\Users\duduh\.vscode\extensions\sonarsource.sonarlint-vscode-4.22.0-win32-x64\analyzers\sonariac.jar c:\Users\duduh\.vscode\extensions\sonarsource.sonarlint-vscode-4.22.0-win32-x64\analyzers\sonarlintomnisharp.jar c:\Users\duduh\.vscode\extensions\sonarsource.sonarlint_ondemand-analyzers\sonar-cfamily-plugin\6.66.0.83483\sonarcfamily.jar

Host: Intel(R) Core(TM) i3-10110U CPU @ 2.10GHz, 4 cores, 7G,  Windows 10 , 64 bit Build 19041 (10.0.19041.5678)
Time: Wed May 21 17:50:02 2025 Hora oficial do Brasil elapsed time: 21000.703978 seconds (0d 5h 50m 0s)

---------------  T H R E A D  ---------------

Current thread (0x000002a5c8e489d0):  JavaThread "C2 CompilerThread0" daemon [_thread_in_native, id=13928, stack(0x000000cf8ff00000,0x000000cf90000000) (1024K)]


Current CompileTask:
C2:21000704 16330       4       java.net.http.HttpHeaders$$Lambda/0x000002a5cac7bbd0::accept (28 bytes)

Stack: [0x000000cf8ff00000,0x000000cf90000000]
Native frames: (J=compiled Java code, j=interpreted, Vv=VM code, C=native code)
V  [jvm.dll+0x6ce119]
V  [jvm.dll+0x8a84a1]
V  [jvm.dll+0x8aa9ce]
V  [jvm.dll+0x8ab0b3]
V  [jvm.dll+0x27f8a6]
V  [jvm.dll+0xc507d]
V  [jvm.dll+0xc55b3]
V  [jvm.dll+0x3b68f2]
V  [jvm.dll+0x382aa5]
V  [jvm.dll+0x381f0a]
V  [jvm.dll+0x247af0]
V  [jvm.dll+0x2470cf]
V  [jvm.dll+0x1c760e]
V  [jvm.dll+0x25695a]
V  [jvm.dll+0x254efa]
V  [jvm.dll+0x3f03f6]
V  [jvm.dll+0x851f6b]
V  [jvm.dll+0x6cc7dd]
C  [ucrtbase.dll+0x21bb2]
C  [KERNEL32.DLL+0x17374]
C  [ntdll.dll+0x4cc91]


---------------  P R O C E S S  ---------------

Threads class SMR info:
_java_thread_list=0x000002a6125eb2d0, length=50, elements={
0x000002a5b20536b0, 0x000002a5c8e43490, 0x000002a5c8e441a0, 0x000002a5c8e45d60,
0x000002a5c8e467b0, 0x000002a5c8e47200, 0x000002a5c8e47c50, 0x000002a5c8e489d0,
0x000002a5c8e4bc10, 0x000002a60e0d24c0, 0x000002a60e0d30f0, 0x000002a60e6bb810,
0x000002a60e554c50, 0x000002a60e5ac210, 0x000002a60e52f4a0, 0x000002a60e862c00,
0x000002a60e863260, 0x000002a60e8641b0, 0x000002a60f04d370, 0x000002a60f04bfc0,
0x000002a60f04c650, 0x000002a60f04ac10, 0x000002a60f04b2a0, 0x000002a60f04b930,
0x000002a60f04cce0, 0x000002a60f04da00, 0x000002a60ee53ba0, 0x000002a60ee57020,
0x000002a60ee57d40, 0x000002a60ee51440, 0x000002a60ee54230, 0x000002a60ee55c70,
0x000002a60ee56300, 0x000002a60ee576b0, 0x000002a60ee555e0, 0x000002a60ee56990,
0x000002a60ee50db0, 0x000002a60ee583d0, 0x000002a60ee52e80, 0x000002a60ee527f0,
0x000002a60ee548c0, 0x000002a60ee52160, 0x000002a60ee53510, 0x000002a60f9e40b0,
0x000002a612d42b30, 0x000002a60eb70e60, 0x000002a60eb707d0, 0x000002a60eb77df0,
0x000002a60eb714f0, 0x000002a60eb742e0
}

Java Threads: ( => current thread )
  0x000002a5b20536b0 JavaThread "main"                              [_thread_blocked, id=2020, stack(0x000000cf8f100000,0x000000cf8f200000) (1024K)]
  0x000002a5c8e43490 JavaThread "Reference Handler"          daemon [_thread_blocked, id=15960, stack(0x000000cf8f900000,0x000000cf8fa00000) (1024K)]
  0x000002a5c8e441a0 JavaThread "Finalizer"                  daemon [_thread_blocked, id=12220, stack(0x000000cf8fa00000,0x000000cf8fb00000) (1024K)]
  0x000002a5c8e45d60 JavaThread "Signal Dispatcher"          daemon [_thread_blocked, id=26528, stack(0x000000cf8fb00000,0x000000cf8fc00000) (1024K)]
  0x000002a5c8e467b0 JavaThread "Attach Listener"            daemon [_thread_blocked, id=9780, stack(0x000000cf8fc00000,0x000000cf8fd00000) (1024K)]
  0x000002a5c8e47200 JavaThread "Service Thread"             daemon [_thread_blocked, id=10460, stack(0x000000cf8fd00000,0x000000cf8fe00000) (1024K)]
  0x000002a5c8e47c50 JavaThread "Monitor Deflation Thread"   daemon [_thread_blocked, id=15532, stack(0x000000cf8fe00000,0x000000cf8ff00000) (1024K)]
=>0x000002a5c8e489d0 JavaThread "C2 CompilerThread0"         daemon [_thread_in_native, id=13928, stack(0x000000cf8ff00000,0x000000cf90000000) (1024K)]
  0x000002a5c8e4bc10 JavaThread "C1 CompilerThread0"         daemon [_thread_blocked, id=23924, stack(0x000000cf90000000,0x000000cf90100000) (1024K)]
  0x000002a60e0d24c0 JavaThread "Notification Thread"        daemon [_thread_blocked, id=26080, stack(0x000000cf90100000,0x000000cf90200000) (1024K)]
  0x000002a60e0d30f0 JavaThread "Common-Cleaner"             daemon [_thread_blocked, id=16260, stack(0x000000cf90200000,0x000000cf90300000) (1024K)]
  0x000002a60e6bb810 JavaThread "Server message writer"             [_thread_blocked, id=19896, stack(0x000000cf90700000,0x000000cf90800000) (1024K)]
  0x000002a60e554c50 JavaThread "Server message writer"             [_thread_blocked, id=22156, stack(0x000000cf90800000,0x000000cf90900000) (1024K)]
  0x000002a60e5ac210 JavaThread "Server message reader"             [_thread_blocked, id=1040, stack(0x000000cf90900000,0x000000cf90a00000) (1024K)]
  0x000002a60e52f4a0 JavaThread "Client message writer"             [_thread_blocked, id=23108, stack(0x000000cf90a00000,0x000000cf90b00000) (1024K)]
  0x000002a60e862c00 JavaThread "Client message writer"             [_thread_blocked, id=6312, stack(0x000000cf90b00000,0x000000cf90c00000) (1024K)]
  0x000002a60e863260 JavaThread "Client message reader"             [_thread_blocked, id=7516, stack(0x000000cf90c00000,0x000000cf90d00000) (1024K)]
  0x000002a60e8641b0 JavaThread "SonarQube for VS Code LSP message processor"        [_thread_in_native, id=16572, stack(0x000000cf90d00000,0x000000cf90e00000) (1024K)]
  0x000002a60f04d370 JavaThread "SonarQube for VS Code branch change event handler"        [_thread_blocked, id=19092, stack(0x000000cf91000000,0x000000cf91100000) (1024K)]
  0x000002a60f04bfc0 JavaThread "SonarLint Server RPC sequential executor"        [_thread_blocked, id=16980, stack(0x000000cf91100000,0x000000cf91200000) (1024K)]
  0x000002a60f04c650 JavaThread "httpclient-main-1"          daemon [_thread_blocked, id=14536, stack(0x000000cf91300000,0x000000cf91400000) (1024K)]
  0x000002a60f04ac10 JavaThread "httpclient-dispatch-1"      daemon [_thread_in_native, id=14288, stack(0x000000cf91400000,0x000000cf91500000) (1024K)]
  0x000002a60f04b2a0 JavaThread "httpclient-dispatch-2"      daemon [_thread_in_native, id=21080, stack(0x000000cf91500000,0x000000cf91600000) (1024K)]
  0x000002a60f04b930 JavaThread "httpclient-dispatch-3"      daemon [_thread_in_native, id=19300, stack(0x000000cf91600000,0x000000cf91700000) (1024K)]
  0x000002a60f04cce0 JavaThread "httpclient-dispatch-4"      daemon [_thread_in_native, id=24800, stack(0x000000cf91700000,0x000000cf91800000) (1024K)]
  0x000002a60f04da00 JavaThread "SonarLint Telemetry"               [_thread_blocked, id=17588, stack(0x000000cf91800000,0x000000cf91900000) (1024K)]
  0x000002a60ee53ba0 JavaThread "HTTP-listener-64120-1"             [_thread_in_native, id=18336, stack(0x000000cf91900000,0x000000cf91a00000) (1024K)]
  0x000002a60ee57020 JavaThread "SonarLint Client RPC sequential executor"        [_thread_blocked, id=2340, stack(0x000000cf91a00000,0x000000cf91b00000) (1024K)]
  0x000002a60ee57d40 JavaThread "SonarLint Local Storage Synchronizer"        [_thread_blocked, id=14400, stack(0x000000cf91b00000,0x000000cf91c00000) (1024K)]
  0x000002a60ee51440 JavaThread "threadJobProcessorPoolSpawner" daemon [_thread_blocked, id=11616, stack(0x000000cf91c00000,0x000000cf91d00000) (1024K)]
  0x000002a60ee54230 JavaThread "Exodus shared timer thread" daemon [_thread_blocked, id=11048, stack(0x000000cf91d00000,0x000000cf91e00000) (1024K)]
  0x000002a60ee55c70 JavaThread "Exodus shared deferred I/O job processor" daemon [_thread_blocked, id=14620, stack(0x000000cf91200000,0x000000cf91300000) (1024K)]
  0x000002a60ee56300 JavaThread "Exodus shared background cleaner" daemon [_thread_blocked, id=20732, stack(0x000000cf91f00000,0x000000cf92000000) (1024K)]
  0x000002a60ee576b0 JavaThread "Exodus shared stuck transaction monitor" daemon [_thread_blocked, id=8492, stack(0x000000cf91e00000,0x000000cf91f00000) (1024K)]
  0x000002a60ee555e0 JavaThread "EntityStoreSharedAsyncProcessor0" daemon [_thread_blocked, id=13728, stack(0x000000cf92000000,0x000000cf92100000) (1024K)]
  0x000002a60ee56990 JavaThread "EntityStoreSharedAsyncProcessor1" daemon [_thread_blocked, id=14756, stack(0x000000cf92100000,0x000000cf92200000) (1024K)]
  0x000002a60ee50db0 JavaThread "Smart Notifications Polling"        [_thread_blocked, id=19248, stack(0x000000cf92200000,0x000000cf92300000) (1024K)]
  0x000002a60ee583d0 JavaThread "sonarlint-filesystem"              [_thread_blocked, id=20372, stack(0x000000cf92300000,0x000000cf92400000) (1024K)]
  0x000002a60ee52e80 JavaThread "HttpClient-1-SelectorManager" daemon [_thread_in_native, id=12376, stack(0x000000cf92500000,0x000000cf92600000) (1024K)]
  0x000002a60ee527f0 JavaThread "sonarlint-analysis-scheduler"        [_thread_blocked, id=25096, stack(0x000000cf92600000,0x000000cf92700000) (1024K)]
  0x000002a60ee548c0 JavaThread "sonarlint-websocket-subscriber"        [_thread_blocked, id=19976, stack(0x000000cf92700000,0x000000cf92800000) (1024K)]
  0x000002a60ee52160 JavaThread "sonarlint-server-sent-events-subscriber"        [_thread_blocked, id=5124, stack(0x000000cf92800000,0x000000cf92900000) (1024K)]
  0x000002a60ee53510 JavaThread "sonarlint-branch-matcher"          [_thread_blocked, id=11648, stack(0x000000cf92900000,0x000000cf92a00000) (1024K)]
  0x000002a60f9e40b0 JavaThread "sonarlint-file-exclusions"         [_thread_blocked, id=16704, stack(0x000000cf8f000000,0x000000cf8f100000) (1024K)]
  0x000002a612d42b30 JavaThread "sonarlint-path-translation"        [_thread_blocked, id=616, stack(0x000000cf92b00000,0x000000cf92c00000) (1024K)]
  0x000002a60eb70e60 JavaThread "nodejs-stream-consumer"     daemon [_thread_in_native, id=12544, stack(0x000000cf90f00000,0x000000cf91000000) (1024K)]
  0x000002a60eb707d0 JavaThread "nodejs-stream-consumer"     daemon [_thread_in_native, id=18484, stack(0x000000cf92400000,0x000000cf92500000) (1024K)]
  0x000002a60eb77df0 JavaThread "HttpClient-1-Worker-1"      daemon [_thread_blocked, id=26208, stack(0x000000cf92d00000,0x000000cf92e00000) (1024K)]
  0x000002a60eb714f0 JavaThread "pool-4-thread-1"                   [_thread_blocked, id=13260, stack(0x000000cf92e00000,0x000000cf92f00000) (1024K)]
  0x000002a60eb742e0 JavaThread "HttpClient-1-Worker-2"      daemon [_thread_blocked, id=23712, stack(0x000000cf92f00000,0x000000cf93000000) (1024K)]
Total: 50

Other Threads:
  0x000002a5c8e21660 VMThread "VM Thread"                           [id=15820, stack(0x000000cf8f800000,0x000000cf8f900000) (1024K)]
  0x000002a5c8e0db70 WatcherThread "VM Periodic Task Thread"        [id=12476, stack(0x000000cf8f700000,0x000000cf8f800000) (1024K)]
  0x000002a5b20a5240 WorkerThread "GC Thread#0"                     [id=22200, stack(0x000000cf8f200000,0x000000cf8f300000) (1024K)]
  0x000002a60e4a68f0 WorkerThread "GC Thread#1"                     [id=18936, stack(0x000000cf90300000,0x000000cf90400000) (1024K)]
  0x000002a60e459680 WorkerThread "GC Thread#2"                     [id=22964, stack(0x000000cf90400000,0x000000cf90500000) (1024K)]
  0x000002a60e4c5c70 WorkerThread "GC Thread#3"                     [id=16836, stack(0x000000cf90500000,0x000000cf90600000) (1024K)]
  0x000002a5b20b5c30 ConcurrentGCThread "G1 Main Marker"            [id=2208, stack(0x000000cf8f300000,0x000000cf8f400000) (1024K)]
  0x000002a5b20b6640 WorkerThread "G1 Conc#0"                       [id=23344, stack(0x000000cf8f400000,0x000000cf8f500000) (1024K)]
  0x000002a5c8ce24c0 ConcurrentGCThread "G1 Refine#0"               [id=17696, stack(0x000000cf8f500000,0x000000cf8f600000) (1024K)]
  0x000002a5b211d3e0 ConcurrentGCThread "G1 Service"                [id=23624, stack(0x000000cf8f600000,0x000000cf8f700000) (1024K)]
Total: 10

Threads with active compile tasks:
C2 CompilerThread0  21000777 16330       4       java.net.http.HttpHeaders$$Lambda/0x000002a5cac7bbd0::accept (28 bytes)
Total: 1

VM state: not at safepoint (normal execution)

VM Mutex/Monitor currently owned by a thread: None

Heap address: 0x0000000082800000, size: 2008 MB, Compressed Oops mode: 32-bit

CDS archive(s) mapped at: [0x000002a5c9000000-0x000002a5c9ba0000-0x000002a5c9ba0000), size 12189696, SharedBaseAddress: 0x000002a5c9000000, ArchiveRelocationMode: 1.
Compressed class space mapped at: 0x000002a5ca000000-0x000002a60a000000, reserved size: 1073741824
Narrow klass base: 0x000002a5c9000000, Narrow klass shift: 0, Narrow klass range: 0x100000000

GC Precious Log:
 CardTable entry size: 512
 Card Set container configuration: InlinePtr #cards 5 size 8 Array Of Cards #cards 12 size 40 Howl #buckets 4 coarsen threshold 1843 Howl Bitmap #cards 512 size 80 coarsen threshold 460 Card regions per heap region 1 cards per card region 2048
 CPUs: 4 total, 4 available
 Memory: 8025M
 Large Page Support: Disabled
 NUMA Support: Disabled
 Compressed Oops: Enabled (32-bit)
 Heap Region Size: 1M
 Heap Min Capacity: 8M
 Heap Initial Capacity: 126M
 Heap Max Capacity: 2008M
 Pre-touch: Disabled
 Parallel Workers: 4
 Concurrent Workers: 1
 Concurrent Refinement Workers: 4
 Periodic GC: Disabled

Heap:
 garbage-first heap   total 229376K, used 195857K [0x0000000082800000, 0x0000000100000000)
  region size 1024K, 85 young (87040K), 9 survivors (9216K)
 Metaspace       used 101948K, committed 103168K, reserved 1179648K
  class space    used 12535K, committed 13120K, reserved 1048576K

Heap Regions: E=young(eden), S=young(survivor), O=old, HS=humongous(starts), HC=humongous(continues), CS=collection set, F=free, TAMS=top-at-mark-start, PB=parsable bottom
|   0|0x0000000082800000, 0x0000000082900000, 0x0000000082900000|100%| O|  |TAMS 0x0000000082800000| PB 0x0000000082800000| Untracked 
|   1|0x0000000082900000, 0x0000000082a00000, 0x0000000082a00000|100%| O|  |TAMS 0x0000000082900000| PB 0x0000000082900000| Untracked 
|   2|0x0000000082a00000, 0x0000000082b00000, 0x0000000082b00000|100%|HS|  |TAMS 0x0000000082a00000| PB 0x0000000082a00000| Complete 
|   3|0x0000000082b00000, 0x0000000082c00000, 0x0000000082c00000|100%|HC|  |TAMS 0x0000000082b00000| PB 0x0000000082b00000| Complete 
|   4|0x0000000082c00000, 0x0000000082d00000, 0x0000000082d00000|100%| O|  |TAMS 0x0000000082c00000| PB 0x0000000082c00000| Untracked 
|   5|0x0000000082d00000, 0x0000000082e00000, 0x0000000082e00000|100%| O|  |TAMS 0x0000000082d00000| PB 0x0000000082d00000| Untracked 
|   6|0x0000000082e00000, 0x0000000082f00000, 0x0000000082f00000|100%| O|  |TAMS 0x0000000082e00000| PB 0x0000000082e00000| Untracked 
|   7|0x0000000082f00000, 0x0000000083000000, 0x0000000083000000|100%| O|  |TAMS 0x0000000082f00000| PB 0x0000000082f00000| Untracked 
|   8|0x0000000083000000, 0x0000000083100000, 0x0000000083100000|100%| O|  |TAMS 0x0000000083000000| PB 0x0000000083000000| Untracked 
|   9|0x0000000083100000, 0x0000000083200000, 0x0000000083200000|100%| O|  |TAMS 0x0000000083100000| PB 0x0000000083100000| Untracked 
|  10|0x0000000083200000, 0x0000000083300000, 0x0000000083300000|100%| O|  |TAMS 0x0000000083200000| PB 0x0000000083200000| Untracked 
|  11|0x0000000083300000, 0x0000000083400000, 0x0000000083400000|100%| O|  |TAMS 0x0000000083300000| PB 0x0000000083300000| Untracked 
|  12|0x0000000083400000, 0x0000000083500000, 0x0000000083500000|100%| O|  |TAMS 0x0000000083400000| PB 0x0000000083400000| Untracked 
|  13|0x0000000083500000, 0x0000000083600000, 0x0000000083600000|100%|HS|  |TAMS 0x0000000083500000| PB 0x0000000083500000| Complete 
|  14|0x0000000083600000, 0x0000000083700000, 0x0000000083700000|100%| O|  |TAMS 0x0000000083600000| PB 0x0000000083600000| Untracked 
|  15|0x0000000083700000, 0x0000000083800000, 0x0000000083800000|100%| O|  |TAMS 0x0000000083700000| PB 0x0000000083700000| Untracked 
|  16|0x0000000083800000, 0x0000000083900000, 0x0000000083900000|100%| O|  |TAMS 0x0000000083800000| PB 0x0000000083800000| Untracked 
|  17|0x0000000083900000, 0x0000000083a00000, 0x0000000083a00000|100%| O|  |TAMS 0x0000000083900000| PB 0x0000000083900000| Untracked 
|  18|0x0000000083a00000, 0x0000000083b00000, 0x0000000083b00000|100%| O|  |TAMS 0x0000000083a00000| PB 0x0000000083a00000| Untracked 
|  19|0x0000000083b00000, 0x0000000083c00000, 0x0000000083c00000|100%| O|Cm|TAMS 0x0000000083b00000| PB 0x0000000083b00000| Complete 
|  20|0x0000000083c00000, 0x0000000083d00000, 0x0000000083d00000|100%|HS|  |TAMS 0x0000000083c00000| PB 0x0000000083c00000| Complete 
|  21|0x0000000083d00000, 0x0000000083e00000, 0x0000000083e00000|100%|HC|  |TAMS 0x0000000083d00000| PB 0x0000000083d00000| Complete 
|  22|0x0000000083e00000, 0x0000000083f00000, 0x0000000083f00000|100%| O|  |TAMS 0x0000000083e00000| PB 0x0000000083e00000| Untracked 
|  23|0x0000000083f00000, 0x0000000084000000, 0x0000000084000000|100%| O|  |TAMS 0x0000000083f00000| PB 0x0000000083f00000| Untracked 
|  24|0x0000000084000000, 0x0000000084100000, 0x0000000084100000|100%| O|  |TAMS 0x0000000084000000| PB 0x0000000084000000| Untracked 
|  25|0x0000000084100000, 0x0000000084200000, 0x0000000084200000|100%| O|  |TAMS 0x0000000084100000| PB 0x0000000084100000| Untracked 
|  26|0x0000000084200000, 0x0000000084300000, 0x0000000084300000|100%| O|  |TAMS 0x0000000084200000| PB 0x0000000084200000| Untracked 
|  27|0x0000000084300000, 0x0000000084400000, 0x0000000084400000|100%| O|Cm|TAMS 0x0000000084300000| PB 0x0000000084300000| Complete 
|  28|0x0000000084400000, 0x0000000084500000, 0x0000000084500000|100%| O|  |TAMS 0x0000000084400000| PB 0x0000000084400000| Untracked 
|  29|0x0000000084500000, 0x0000000084600000, 0x0000000084600000|100%| O|  |TAMS 0x0000000084500000| PB 0x0000000084500000| Untracked 
|  30|0x0000000084600000, 0x0000000084700000, 0x0000000084700000|100%| O|  |TAMS 0x0000000084600000| PB 0x0000000084600000| Untracked 
|  31|0x0000000084700000, 0x0000000084800000, 0x0000000084800000|100%| O|  |TAMS 0x0000000084700000| PB 0x0000000084700000| Untracked 
|  32|0x0000000084800000, 0x0000000084900000, 0x0000000084900000|100%| O|  |TAMS 0x0000000084800000| PB 0x0000000084800000| Untracked 
|  33|0x0000000084900000, 0x0000000084a00000, 0x0000000084a00000|100%| O|  |TAMS 0x0000000084900000| PB 0x0000000084900000| Untracked 
|  34|0x0000000084a00000, 0x0000000084b00000, 0x0000000084b00000|100%| O|  |TAMS 0x0000000084a00000| PB 0x0000000084a00000| Untracked 
|  35|0x0000000084b00000, 0x0000000084c00000, 0x0000000084c00000|100%| O|  |TAMS 0x0000000084b00000| PB 0x0000000084b00000| Untracked 
|  36|0x0000000084c00000, 0x0000000084d00000, 0x0000000084d00000|100%| O|  |TAMS 0x0000000084c00000| PB 0x0000000084c00000| Untracked 
|  37|0x0000000084d00000, 0x0000000084e00000, 0x0000000084e00000|100%| O|  |TAMS 0x0000000084d00000| PB 0x0000000084d00000| Untracked 
|  38|0x0000000084e00000, 0x0000000084f00000, 0x0000000084f00000|100%| O|  |TAMS 0x0000000084e00000| PB 0x0000000084e00000| Untracked 
|  39|0x0000000084f00000, 0x0000000085000000, 0x0000000085000000|100%| O|  |TAMS 0x0000000084f00000| PB 0x0000000084f00000| Untracked 
|  40|0x0000000085000000, 0x0000000085100000, 0x0000000085100000|100%| O|  |TAMS 0x0000000085000000| PB 0x0000000085000000| Untracked 
|  41|0x0000000085100000, 0x0000000085200000, 0x0000000085200000|100%| O|  |TAMS 0x0000000085100000| PB 0x0000000085100000| Untracked 
|  42|0x0000000085200000, 0x0000000085200000, 0x0000000085300000|  0%| F|  |TAMS 0x0000000085200000| PB 0x0000000085200000| Untracked 
|  43|0x0000000085300000, 0x0000000085400000, 0x0000000085400000|100%| O|  |TAMS 0x0000000085300000| PB 0x0000000085300000| Untracked 
|  44|0x0000000085400000, 0x0000000085500000, 0x0000000085500000|100%| O|  |TAMS 0x0000000085400000| PB 0x0000000085400000| Untracked 
|  45|0x0000000085500000, 0x0000000085500000, 0x0000000085600000|  0%| F|  |TAMS 0x0000000085500000| PB 0x0000000085500000| Untracked 
|  46|0x0000000085600000, 0x0000000085700000, 0x0000000085700000|100%| O|  |TAMS 0x0000000085600000| PB 0x0000000085600000| Untracked 
|  47|0x0000000085700000, 0x0000000085800000, 0x0000000085800000|100%| O|  |TAMS 0x0000000085700000| PB 0x0000000085700000| Untracked 
|  48|0x0000000085800000, 0x0000000085900000, 0x0000000085900000|100%| O|  |TAMS 0x0000000085800000| PB 0x0000000085800000| Untracked 
|  49|0x0000000085900000, 0x0000000085a00000, 0x0000000085a00000|100%| O|  |TAMS 0x0000000085900000| PB 0x0000000085900000| Untracked 
|  50|0x0000000085a00000, 0x0000000085b00000, 0x0000000085b00000|100%| O|  |TAMS 0x0000000085a00000| PB 0x0000000085a00000| Untracked 
|  51|0x0000000085b00000, 0x0000000085c00000, 0x0000000085c00000|100%| O|  |TAMS 0x0000000085b00000| PB 0x0000000085b00000| Untracked 
|  52|0x0000000085c00000, 0x0000000085d00000, 0x0000000085d00000|100%| O|  |TAMS 0x0000000085c00000| PB 0x0000000085c00000| Untracked 
|  53|0x0000000085d00000, 0x0000000085e00000, 0x0000000085e00000|100%| O|  |TAMS 0x0000000085d00000| PB 0x0000000085d00000| Untracked 
|  54|0x0000000085e00000, 0x0000000085f00000, 0x0000000085f00000|100%| O|  |TAMS 0x0000000085e00000| PB 0x0000000085e00000| Untracked 
|  55|0x0000000085f00000, 0x0000000086000000, 0x0000000086000000|100%| O|  |TAMS 0x0000000085f00000| PB 0x0000000085f00000| Untracked 
|  56|0x0000000086000000, 0x0000000086100000, 0x0000000086100000|100%| O|  |TAMS 0x0000000086000000| PB 0x0000000086000000| Untracked 
|  57|0x0000000086100000, 0x0000000086200000, 0x0000000086200000|100%| O|  |TAMS 0x0000000086100000| PB 0x0000000086100000| Untracked 
|  58|0x0000000086200000, 0x0000000086300000, 0x0000000086300000|100%| O|  |TAMS 0x0000000086200000| PB 0x0000000086200000| Untracked 
|  59|0x0000000086300000, 0x0000000086400000, 0x0000000086400000|100%| O|  |TAMS 0x0000000086300000| PB 0x0000000086300000| Untracked 
|  60|0x0000000086400000, 0x0000000086500000, 0x0000000086500000|100%| O|  |TAMS 0x0000000086400000| PB 0x0000000086400000| Untracked 
|  61|0x0000000086500000, 0x0000000086600000, 0x0000000086600000|100%| O|  |TAMS 0x0000000086500000| PB 0x0000000086500000| Untracked 
|  62|0x0000000086600000, 0x0000000086700000, 0x0000000086700000|100%| O|  |TAMS 0x0000000086600000| PB 0x0000000086600000| Untracked 
|  63|0x0000000086700000, 0x0000000086800000, 0x0000000086800000|100%| O|  |TAMS 0x0000000086700000| PB 0x0000000086700000| Untracked 
|  64|0x0000000086800000, 0x0000000086900000, 0x0000000086900000|100%| O|  |TAMS 0x0000000086800000| PB 0x0000000086800000| Untracked 
|  65|0x0000000086900000, 0x0000000086a00000, 0x0000000086a00000|100%| O|  |TAMS 0x0000000086900000| PB 0x0000000086900000| Untracked 
|  66|0x0000000086a00000, 0x0000000086b00000, 0x0000000086b00000|100%| O|  |TAMS 0x0000000086a00000| PB 0x0000000086a00000| Untracked 
|  67|0x0000000086b00000, 0x0000000086c00000, 0x0000000086c00000|100%| O|  |TAMS 0x0000000086b00000| PB 0x0000000086b00000| Untracked 
|  68|0x0000000086c00000, 0x0000000086d00000, 0x0000000086d00000|100%| O|  |TAMS 0x0000000086c00000| PB 0x0000000086c00000| Untracked 
|  69|0x0000000086d00000, 0x0000000086d00000, 0x0000000086e00000|  0%| F|  |TAMS 0x0000000086d00000| PB 0x0000000086d00000| Untracked 
|  70|0x0000000086e00000, 0x0000000086f00000, 0x0000000086f00000|100%| O|  |TAMS 0x0000000086e00000| PB 0x0000000086e00000| Untracked 
|  71|0x0000000086f00000, 0x0000000087000000, 0x0000000087000000|100%| O|  |TAMS 0x0000000086f00000| PB 0x0000000086f00000| Untracked 
|  72|0x0000000087000000, 0x0000000087100000, 0x0000000087100000|100%| O|  |TAMS 0x0000000087000000| PB 0x0000000087000000| Untracked 
|  73|0x0000000087100000, 0x0000000087200000, 0x0000000087200000|100%|HS|  |TAMS 0x0000000087100000| PB 0x0000000087100000| Complete 
|  74|0x0000000087200000, 0x0000000087300000, 0x0000000087300000|100%|HC|  |TAMS 0x0000000087200000| PB 0x0000000087200000| Complete 
|  75|0x0000000087300000, 0x0000000087400000, 0x0000000087400000|100%| O|Cm|TAMS 0x0000000087300000| PB 0x0000000087300000| Complete 
|  76|0x0000000087400000, 0x0000000087500000, 0x0000000087500000|100%| O|  |TAMS 0x0000000087400000| PB 0x0000000087400000| Untracked 
|  77|0x0000000087500000, 0x0000000087600000, 0x0000000087600000|100%|HS|  |TAMS 0x0000000087500000| PB 0x0000000087500000| Complete 
|  78|0x0000000087600000, 0x0000000087700000, 0x0000000087700000|100%|HC|  |TAMS 0x0000000087600000| PB 0x0000000087600000| Complete 
|  79|0x0000000087700000, 0x0000000087800000, 0x0000000087800000|100%| O|  |TAMS 0x0000000087700000| PB 0x0000000087700000| Untracked 
|  80|0x0000000087800000, 0x0000000087900000, 0x0000000087900000|100%| O|Cm|TAMS 0x0000000087800000| PB 0x0000000087800000| Complete 
|  81|0x0000000087900000, 0x0000000087a00000, 0x0000000087a00000|100%| O|  |TAMS 0x0000000087900000| PB 0x0000000087900000| Untracked 
|  82|0x0000000087a00000, 0x0000000087b00000, 0x0000000087b00000|100%| O|  |TAMS 0x0000000087a00000| PB 0x0000000087a00000| Untracked 
|  83|0x0000000087b00000, 0x0000000087c00000, 0x0000000087c00000|100%| O|  |TAMS 0x0000000087b00000| PB 0x0000000087b00000| Untracked 
|  84|0x0000000087c00000, 0x0000000087d00000, 0x0000000087d00000|100%| O|  |TAMS 0x0000000087c00000| PB 0x0000000087c00000| Untracked 
|  85|0x0000000087d00000, 0x0000000087e00000, 0x0000000087e00000|100%| O|  |TAMS 0x0000000087d00000| PB 0x0000000087d00000| Untracked 
|  86|0x0000000087e00000, 0x0000000087f00000, 0x0000000087f00000|100%| O|  |TAMS 0x0000000087e00000| PB 0x0000000087e00000| Untracked 
|  87|0x0000000087f00000, 0x0000000088000000, 0x0000000088000000|100%| O|Cm|TAMS 0x0000000087f00000| PB 0x0000000087f00000| Complete 
|  88|0x0000000088000000, 0x0000000088100000, 0x0000000088100000|100%| O|  |TAMS 0x0000000088000000| PB 0x0000000088000000| Untracked 
|  89|0x0000000088100000, 0x0000000088200000, 0x0000000088200000|100%| O|  |TAMS 0x0000000088100000| PB 0x0000000088100000| Untracked 
|  90|0x0000000088200000, 0x0000000088200000, 0x0000000088300000|  0%| F|  |TAMS 0x0000000088200000| PB 0x0000000088200000| Untracked 
|  91|0x0000000088300000, 0x0000000088400000, 0x0000000088400000|100%| O|  |TAMS 0x0000000088300000| PB 0x0000000088300000| Untracked 
|  92|0x0000000088400000, 0x0000000088400000, 0x0000000088500000|  0%| F|  |TAMS 0x0000000088400000| PB 0x0000000088400000| Untracked 
|  93|0x0000000088500000, 0x0000000088500000, 0x0000000088600000|  0%| F|  |TAMS 0x0000000088500000| PB 0x0000000088500000| Untracked 
|  94|0x0000000088600000, 0x0000000088600000, 0x0000000088700000|  0%| F|  |TAMS 0x0000000088600000| PB 0x0000000088600000| Untracked 
|  95|0x0000000088700000, 0x0000000088700000, 0x0000000088800000|  0%| F|  |TAMS 0x0000000088700000| PB 0x0000000088700000| Untracked 
|  96|0x0000000088800000, 0x0000000088800000, 0x0000000088900000|  0%| F|  |TAMS 0x0000000088800000| PB 0x0000000088800000| Untracked 
|  97|0x0000000088900000, 0x0000000088a00000, 0x0000000088a00000|100%| O|  |TAMS 0x0000000088900000| PB 0x0000000088900000| Untracked 
|  98|0x0000000088a00000, 0x0000000088b00000, 0x0000000088b00000|100%| O|  |TAMS 0x0000000088a00000| PB 0x0000000088a00000| Untracked 
|  99|0x0000000088b00000, 0x0000000088c00000, 0x0000000088c00000|100%| O|  |TAMS 0x0000000088b00000| PB 0x0000000088b00000| Untracked 
| 100|0x0000000088c00000, 0x0000000088c00000, 0x0000000088d00000|  0%| F|  |TAMS 0x0000000088c00000| PB 0x0000000088c00000| Untracked 
| 101|0x0000000088d00000, 0x0000000088d00000, 0x0000000088e00000|  0%| F|  |TAMS 0x0000000088d00000| PB 0x0000000088d00000| Untracked 
| 102|0x0000000088e00000, 0x0000000088e00000, 0x0000000088f00000|  0%| F|  |TAMS 0x0000000088e00000| PB 0x0000000088e00000| Untracked 
| 103|0x0000000088f00000, 0x0000000088f00000, 0x0000000089000000|  0%| F|  |TAMS 0x0000000088f00000| PB 0x0000000088f00000| Untracked 
| 104|0x0000000089000000, 0x0000000089000000, 0x0000000089100000|  0%| F|  |TAMS 0x0000000089000000| PB 0x0000000089000000| Untracked 
| 105|0x0000000089100000, 0x0000000089100000, 0x0000000089200000|  0%| F|  |TAMS 0x0000000089100000| PB 0x0000000089100000| Untracked 
| 106|0x0000000089200000, 0x0000000089200000, 0x0000000089300000|  0%| F|  |TAMS 0x0000000089200000| PB 0x0000000089200000| Untracked 
| 107|0x0000000089300000, 0x0000000089300000, 0x0000000089400000|  0%| F|  |TAMS 0x0000000089300000| PB 0x0000000089300000| Untracked 
| 108|0x0000000089400000, 0x00000000894446f0, 0x0000000089500000| 26%| S|CS|TAMS 0x0000000089400000| PB 0x0000000089400000| Complete 
| 109|0x0000000089500000, 0x0000000089600000, 0x0000000089600000|100%| S|CS|TAMS 0x0000000089500000| PB 0x0000000089500000| Complete 
| 110|0x0000000089600000, 0x0000000089700000, 0x0000000089700000|100%| S|CS|TAMS 0x0000000089600000| PB 0x0000000089600000| Complete 
| 111|0x0000000089700000, 0x0000000089800000, 0x0000000089800000|100%| S|CS|TAMS 0x0000000089700000| PB 0x0000000089700000| Complete 
| 112|0x0000000089800000, 0x0000000089900000, 0x0000000089900000|100%| S|CS|TAMS 0x0000000089800000| PB 0x0000000089800000| Complete 
| 113|0x0000000089900000, 0x0000000089a00000, 0x0000000089a00000|100%| O|  |TAMS 0x0000000089900000| PB 0x0000000089900000| Untracked 
| 114|0x0000000089a00000, 0x0000000089b00000, 0x0000000089b00000|100%| S|CS|TAMS 0x0000000089a00000| PB 0x0000000089a00000| Complete 
| 115|0x0000000089b00000, 0x0000000089c00000, 0x0000000089c00000|100%| S|CS|TAMS 0x0000000089b00000| PB 0x0000000089b00000| Complete 
| 116|0x0000000089c00000, 0x0000000089d00000, 0x0000000089d00000|100%| S|CS|TAMS 0x0000000089c00000| PB 0x0000000089c00000| Complete 
| 117|0x0000000089d00000, 0x0000000089e00000, 0x0000000089e00000|100%| S|CS|TAMS 0x0000000089d00000| PB 0x0000000089d00000| Complete 
| 118|0x0000000089e00000, 0x0000000089e00000, 0x0000000089f00000|  0%| F|  |TAMS 0x0000000089e00000| PB 0x0000000089e00000| Untracked 
| 119|0x0000000089f00000, 0x0000000089f00000, 0x000000008a000000|  0%| F|  |TAMS 0x0000000089f00000| PB 0x0000000089f00000| Untracked 
| 120|0x000000008a000000, 0x000000008a000000, 0x000000008a100000|  0%| F|  |TAMS 0x000000008a000000| PB 0x000000008a000000| Untracked 
| 121|0x000000008a100000, 0x000000008a100000, 0x000000008a200000|  0%| F|  |TAMS 0x000000008a100000| PB 0x000000008a100000| Untracked 
| 122|0x000000008a200000, 0x000000008a200000, 0x000000008a300000|  0%| F|  |TAMS 0x000000008a200000| PB 0x000000008a200000| Untracked 
| 123|0x000000008a300000, 0x000000008a300000, 0x000000008a400000|  0%| F|  |TAMS 0x000000008a300000| PB 0x000000008a300000| Untracked 
| 124|0x000000008a400000, 0x000000008a400000, 0x000000008a500000|  0%| F|  |TAMS 0x000000008a400000| PB 0x000000008a400000| Untracked 
| 125|0x000000008a500000, 0x000000008a500000, 0x000000008a600000|  0%| F|  |TAMS 0x000000008a500000| PB 0x000000008a500000| Untracked 
| 126|0x000000008a600000, 0x000000008a600000, 0x000000008a700000|  0%| F|  |TAMS 0x000000008a600000| PB 0x000000008a600000| Untracked 
| 127|0x000000008a700000, 0x000000008a700000, 0x000000008a800000|  0%| F|  |TAMS 0x000000008a700000| PB 0x000000008a700000| Untracked 
| 128|0x000000008a800000, 0x000000008a800000, 0x000000008a900000|  0%| F|  |TAMS 0x000000008a800000| PB 0x000000008a800000| Untracked 
| 129|0x000000008a900000, 0x000000008a900000, 0x000000008aa00000|  0%| F|  |TAMS 0x000000008a900000| PB 0x000000008a900000| Untracked 
| 130|0x000000008aa00000, 0x000000008aa00000, 0x000000008ab00000|  0%| F|  |TAMS 0x000000008aa00000| PB 0x000000008aa00000| Untracked 
| 131|0x000000008ab00000, 0x000000008ab00000, 0x000000008ac00000|  0%| F|  |TAMS 0x000000008ab00000| PB 0x000000008ab00000| Untracked 
| 132|0x000000008ac00000, 0x000000008ac3d890, 0x000000008ad00000| 24%| E|  |TAMS 0x000000008ac00000| PB 0x000000008ac00000| Complete 
| 133|0x000000008ad00000, 0x000000008ae00000, 0x000000008ae00000|100%| E|CS|TAMS 0x000000008ad00000| PB 0x000000008ad00000| Complete 
| 134|0x000000008ae00000, 0x000000008af00000, 0x000000008af00000|100%| E|CS|TAMS 0x000000008ae00000| PB 0x000000008ae00000| Complete 
| 135|0x000000008af00000, 0x000000008b000000, 0x000000008b000000|100%| E|CS|TAMS 0x000000008af00000| PB 0x000000008af00000| Complete 
| 136|0x000000008b000000, 0x000000008b100000, 0x000000008b100000|100%| E|CS|TAMS 0x000000008b000000| PB 0x000000008b000000| Complete 
| 137|0x000000008b100000, 0x000000008b200000, 0x000000008b200000|100%| E|CS|TAMS 0x000000008b100000| PB 0x000000008b100000| Complete 
| 138|0x000000008b200000, 0x000000008b300000, 0x000000008b300000|100%| E|CS|TAMS 0x000000008b200000| PB 0x000000008b200000| Complete 
| 139|0x000000008b300000, 0x000000008b400000, 0x000000008b400000|100%| E|CS|TAMS 0x000000008b300000| PB 0x000000008b300000| Complete 
| 140|0x000000008b400000, 0x000000008b500000, 0x000000008b500000|100%| E|CS|TAMS 0x000000008b400000| PB 0x000000008b400000| Complete 
| 141|0x000000008b500000, 0x000000008b600000, 0x000000008b600000|100%| E|CS|TAMS 0x000000008b500000| PB 0x000000008b500000| Complete 
| 142|0x000000008b600000, 0x000000008b700000, 0x000000008b700000|100%| E|CS|TAMS 0x000000008b600000| PB 0x000000008b600000| Complete 
| 143|0x000000008b700000, 0x000000008b800000, 0x000000008b800000|100%| E|CS|TAMS 0x000000008b700000| PB 0x000000008b700000| Complete 
| 144|0x000000008b800000, 0x000000008b900000, 0x000000008b900000|100%| E|CS|TAMS 0x000000008b800000| PB 0x000000008b800000| Complete 
| 145|0x000000008b900000, 0x000000008ba00000, 0x000000008ba00000|100%| E|CS|TAMS 0x000000008b900000| PB 0x000000008b900000| Complete 
| 146|0x000000008ba00000, 0x000000008bb00000, 0x000000008bb00000|100%| E|CS|TAMS 0x000000008ba00000| PB 0x000000008ba00000| Complete 
| 147|0x000000008bb00000, 0x000000008bc00000, 0x000000008bc00000|100%| E|CS|TAMS 0x000000008bb00000| PB 0x000000008bb00000| Complete 
| 148|0x000000008bc00000, 0x000000008bd00000, 0x000000008bd00000|100%| E|CS|TAMS 0x000000008bc00000| PB 0x000000008bc00000| Complete 
| 149|0x000000008bd00000, 0x000000008be00000, 0x000000008be00000|100%| E|CS|TAMS 0x000000008bd00000| PB 0x000000008bd00000| Complete 
| 150|0x000000008be00000, 0x000000008bf00000, 0x000000008bf00000|100%| E|CS|TAMS 0x000000008be00000| PB 0x000000008be00000| Complete 
| 151|0x000000008bf00000, 0x000000008c000000, 0x000000008c000000|100%| E|CS|TAMS 0x000000008bf00000| PB 0x000000008bf00000| Complete 
| 152|0x000000008c000000, 0x000000008c100000, 0x000000008c100000|100%| E|CS|TAMS 0x000000008c000000| PB 0x000000008c000000| Complete 
| 153|0x000000008c100000, 0x000000008c200000, 0x000000008c200000|100%| E|CS|TAMS 0x000000008c100000| PB 0x000000008c100000| Complete 
| 154|0x000000008c200000, 0x000000008c300000, 0x000000008c300000|100%| E|CS|TAMS 0x000000008c200000| PB 0x000000008c200000| Complete 
| 155|0x000000008c300000, 0x000000008c400000, 0x000000008c400000|100%| E|CS|TAMS 0x000000008c300000| PB 0x000000008c300000| Complete 
| 156|0x000000008c400000, 0x000000008c500000, 0x000000008c500000|100%| E|CS|TAMS 0x000000008c400000| PB 0x000000008c400000| Complete 
| 157|0x000000008c500000, 0x000000008c600000, 0x000000008c600000|100%| E|CS|TAMS 0x000000008c500000| PB 0x000000008c500000| Complete 
| 158|0x000000008c600000, 0x000000008c700000, 0x000000008c700000|100%| E|CS|TAMS 0x000000008c600000| PB 0x000000008c600000| Complete 
| 159|0x000000008c700000, 0x000000008c800000, 0x000000008c800000|100%| E|CS|TAMS 0x000000008c700000| PB 0x000000008c700000| Complete 
| 160|0x000000008c800000, 0x000000008c900000, 0x000000008c900000|100%| E|CS|TAMS 0x000000008c800000| PB 0x000000008c800000| Complete 
| 161|0x000000008c900000, 0x000000008ca00000, 0x000000008ca00000|100%| E|CS|TAMS 0x000000008c900000| PB 0x000000008c900000| Complete 
| 162|0x000000008ca00000, 0x000000008cb00000, 0x000000008cb00000|100%| E|CS|TAMS 0x000000008ca00000| PB 0x000000008ca00000| Complete 
| 163|0x000000008cb00000, 0x000000008cc00000, 0x000000008cc00000|100%| E|CS|TAMS 0x000000008cb00000| PB 0x000000008cb00000| Complete 
| 164|0x000000008cc00000, 0x000000008cd00000, 0x000000008cd00000|100%| E|CS|TAMS 0x000000008cc00000| PB 0x000000008cc00000| Complete 
| 165|0x000000008cd00000, 0x000000008ce00000, 0x000000008ce00000|100%| E|CS|TAMS 0x000000008cd00000| PB 0x000000008cd00000| Complete 
| 166|0x000000008ce00000, 0x000000008cf00000, 0x000000008cf00000|100%| E|CS|TAMS 0x000000008ce00000| PB 0x000000008ce00000| Complete 
| 167|0x000000008cf00000, 0x000000008d000000, 0x000000008d000000|100%| E|CS|TAMS 0x000000008cf00000| PB 0x000000008cf00000| Complete 
| 168|0x000000008d000000, 0x000000008d100000, 0x000000008d100000|100%| E|CS|TAMS 0x000000008d000000| PB 0x000000008d000000| Complete 
| 169|0x000000008d100000, 0x000000008d200000, 0x000000008d200000|100%| E|CS|TAMS 0x000000008d100000| PB 0x000000008d100000| Complete 
| 170|0x000000008d200000, 0x000000008d300000, 0x000000008d300000|100%| E|CS|TAMS 0x000000008d200000| PB 0x000000008d200000| Complete 
| 171|0x000000008d300000, 0x000000008d400000, 0x000000008d400000|100%| E|CS|TAMS 0x000000008d300000| PB 0x000000008d300000| Complete 
| 172|0x000000008d400000, 0x000000008d500000, 0x000000008d500000|100%| E|CS|TAMS 0x000000008d400000| PB 0x000000008d400000| Complete 
| 173|0x000000008d500000, 0x000000008d600000, 0x000000008d600000|100%| E|CS|TAMS 0x000000008d500000| PB 0x000000008d500000| Complete 
| 174|0x000000008d600000, 0x000000008d700000, 0x000000008d700000|100%| E|CS|TAMS 0x000000008d600000| PB 0x000000008d600000| Complete 
| 175|0x000000008d700000, 0x000000008d800000, 0x000000008d800000|100%| E|CS|TAMS 0x000000008d700000| PB 0x000000008d700000| Complete 
| 176|0x000000008d800000, 0x000000008d900000, 0x000000008d900000|100%| E|CS|TAMS 0x000000008d800000| PB 0x000000008d800000| Complete 
| 177|0x000000008d900000, 0x000000008da00000, 0x000000008da00000|100%| E|CS|TAMS 0x000000008d900000| PB 0x000000008d900000| Complete 
| 178|0x000000008da00000, 0x000000008db00000, 0x000000008db00000|100%| E|CS|TAMS 0x000000008da00000| PB 0x000000008da00000| Complete 
| 179|0x000000008db00000, 0x000000008dc00000, 0x000000008dc00000|100%| E|CS|TAMS 0x000000008db00000| PB 0x000000008db00000| Complete 
| 180|0x000000008dc00000, 0x000000008dd00000, 0x000000008dd00000|100%| E|CS|TAMS 0x000000008dc00000| PB 0x000000008dc00000| Complete 
| 181|0x000000008dd00000, 0x000000008de00000, 0x000000008de00000|100%| E|CS|TAMS 0x000000008dd00000| PB 0x000000008dd00000| Complete 
| 182|0x000000008de00000, 0x000000008df00000, 0x000000008df00000|100%| E|CS|TAMS 0x000000008de00000| PB 0x000000008de00000| Complete 
| 183|0x000000008df00000, 0x000000008e000000, 0x000000008e000000|100%| E|CS|TAMS 0x000000008df00000| PB 0x000000008df00000| Complete 
| 184|0x000000008e000000, 0x000000008e100000, 0x000000008e100000|100%| E|CS|TAMS 0x000000008e000000| PB 0x000000008e000000| Complete 
| 185|0x000000008e100000, 0x000000008e200000, 0x000000008e200000|100%| E|CS|TAMS 0x000000008e100000| PB 0x000000008e100000| Complete 
| 186|0x000000008e200000, 0x000000008e300000, 0x000000008e300000|100%| E|CS|TAMS 0x000000008e200000| PB 0x000000008e200000| Complete 
| 187|0x000000008e300000, 0x000000008e400000, 0x000000008e400000|100%| E|CS|TAMS 0x000000008e300000| PB 0x000000008e300000| Complete 
| 188|0x000000008e400000, 0x000000008e500000, 0x000000008e500000|100%| E|CS|TAMS 0x000000008e400000| PB 0x000000008e400000| Complete 
| 189|0x000000008e500000, 0x000000008e600000, 0x000000008e600000|100%| E|CS|TAMS 0x000000008e500000| PB 0x000000008e500000| Complete 
| 190|0x000000008e600000, 0x000000008e700000, 0x000000008e700000|100%| E|CS|TAMS 0x000000008e600000| PB 0x000000008e600000| Complete 
| 191|0x000000008e700000, 0x000000008e800000, 0x000000008e800000|100%| E|CS|TAMS 0x000000008e700000| PB 0x000000008e700000| Complete 
| 192|0x000000008e800000, 0x000000008e900000, 0x000000008e900000|100%| E|CS|TAMS 0x000000008e800000| PB 0x000000008e800000| Complete 
| 193|0x000000008e900000, 0x000000008ea00000, 0x000000008ea00000|100%| E|CS|TAMS 0x000000008e900000| PB 0x000000008e900000| Complete 
| 194|0x000000008ea00000, 0x000000008eb00000, 0x000000008eb00000|100%| E|CS|TAMS 0x000000008ea00000| PB 0x000000008ea00000| Complete 
|1979|0x00000000fe300000, 0x00000000fe400000, 0x00000000fe400000|100%| O|  |TAMS 0x00000000fe300000| PB 0x00000000fe300000| Untracked 
|1980|0x00000000fe400000, 0x00000000fe500000, 0x00000000fe500000|100%| O|Cm|TAMS 0x00000000fe400000| PB 0x00000000fe400000| Complete 
|1981|0x00000000fe500000, 0x00000000fe600000, 0x00000000fe600000|100%| O|  |TAMS 0x00000000fe500000| PB 0x00000000fe500000| Untracked 
|1982|0x00000000fe600000, 0x00000000fe700000, 0x00000000fe700000|100%| E|CS|TAMS 0x00000000fe600000| PB 0x00000000fe600000| Complete 
|1983|0x00000000fe700000, 0x00000000fe800000, 0x00000000fe800000|100%| E|CS|TAMS 0x00000000fe700000| PB 0x00000000fe700000| Complete 
|1984|0x00000000fe800000, 0x00000000fe900000, 0x00000000fe900000|100%| O|  |TAMS 0x00000000fe800000| PB 0x00000000fe800000| Untracked 
|1985|0x00000000fe900000, 0x00000000fea00000, 0x00000000fea00000|100%| O|  |TAMS 0x00000000fe900000| PB 0x00000000fe900000| Untracked 
|1986|0x00000000fea00000, 0x00000000feb00000, 0x00000000feb00000|100%| O|  |TAMS 0x00000000fea00000| PB 0x00000000fea00000| Untracked 
|1987|0x00000000feb00000, 0x00000000fec00000, 0x00000000fec00000|100%| E|CS|TAMS 0x00000000feb00000| PB 0x00000000feb00000| Complete 
|1988|0x00000000fec00000, 0x00000000fed00000, 0x00000000fed00000|100%| E|CS|TAMS 0x00000000fec00000| PB 0x00000000fec00000| Complete 
|1989|0x00000000fed00000, 0x00000000fee00000, 0x00000000fee00000|100%| E|CS|TAMS 0x00000000fed00000| PB 0x00000000fed00000| Complete 
|1990|0x00000000fee00000, 0x00000000fef00000, 0x00000000fef00000|100%| O|  |TAMS 0x00000000fee00000| PB 0x00000000fee00000| Untracked 
|1991|0x00000000fef00000, 0x00000000ff000000, 0x00000000ff000000|100%| E|CS|TAMS 0x00000000fef00000| PB 0x00000000fef00000| Complete 
|1992|0x00000000ff000000, 0x00000000ff100000, 0x00000000ff100000|100%| E|CS|TAMS 0x00000000ff000000| PB 0x00000000ff000000| Complete 
|1993|0x00000000ff100000, 0x00000000ff200000, 0x00000000ff200000|100%| O|  |TAMS 0x00000000ff100000| PB 0x00000000ff100000| Untracked 
|1994|0x00000000ff200000, 0x00000000ff300000, 0x00000000ff300000|100%| E|CS|TAMS 0x00000000ff200000| PB 0x00000000ff200000| Complete 
|1995|0x00000000ff300000, 0x00000000ff400000, 0x00000000ff400000|100%| E|CS|TAMS 0x00000000ff300000| PB 0x00000000ff300000| Complete 
|1996|0x00000000ff400000, 0x00000000ff500000, 0x00000000ff500000|100%| E|CS|TAMS 0x00000000ff400000| PB 0x00000000ff400000| Complete 
|1997|0x00000000ff500000, 0x00000000ff600000, 0x00000000ff600000|100%| E|CS|TAMS 0x00000000ff500000| PB 0x00000000ff500000| Complete 
|1998|0x00000000ff600000, 0x00000000ff700000, 0x00000000ff700000|100%| O|  |TAMS 0x00000000ff600000| PB 0x00000000ff600000| Untracked 
|1999|0x00000000ff700000, 0x00000000ff800000, 0x00000000ff800000|100%| E|CS|TAMS 0x00000000ff700000| PB 0x00000000ff700000| Complete 
|2000|0x00000000ff800000, 0x00000000ff900000, 0x00000000ff900000|100%| E|CS|TAMS 0x00000000ff800000| PB 0x00000000ff800000| Complete 
|2001|0x00000000ff900000, 0x00000000ffa00000, 0x00000000ffa00000|100%| O|  |TAMS 0x00000000ff900000| PB 0x00000000ff900000| Untracked 
|2002|0x00000000ffa00000, 0x00000000ffb00000, 0x00000000ffb00000|100%| O|  |TAMS 0x00000000ffa00000| PB 0x00000000ffa00000| Untracked 
|2003|0x00000000ffb00000, 0x00000000ffc00000, 0x00000000ffc00000|100%| O|  |TAMS 0x00000000ffb00000| PB 0x00000000ffb00000| Untracked 
|2004|0x00000000ffc00000, 0x00000000ffd00000, 0x00000000ffd00000|100%| O|  |TAMS 0x00000000ffc00000| PB 0x00000000ffc00000| Untracked 
|2005|0x00000000ffd00000, 0x00000000ffe00000, 0x00000000ffe00000|100%| O|  |TAMS 0x00000000ffd00000| PB 0x00000000ffd00000| Untracked 
|2006|0x00000000ffe00000, 0x00000000fff00000, 0x00000000fff00000|100%| O|  |TAMS 0x00000000ffe00000| PB 0x00000000ffe00000| Untracked 
|2007|0x00000000fff00000, 0x0000000100000000, 0x0000000100000000|100%| O|  |TAMS 0x00000000fff00000| PB 0x00000000fff00000| Untracked 

Card table byte_map: [0x000002a5c4640000,0x000002a5c4a30000] _byte_map_base: 0x000002a5c422c000

Marking Bits: (CMBitMap*) 0x000002a5b20a5850
 Bits: [0x000002a5c4a30000, 0x000002a5c6990000)

Polling page: 0x000002a5afd50000

Metaspace:

Usage:
  Non-class:     87.32 MB used.
      Class:     12.24 MB used.
       Both:     99.56 MB used.

Virtual space:
  Non-class space:      128.00 MB reserved,      87.94 MB ( 69%) committed,  2 nodes.
      Class space:        1.00 GB reserved,      12.81 MB (  1%) committed,  1 nodes.
             Both:        1.12 GB reserved,     100.75 MB (  9%) committed. 

Chunk freelists:
   Non-Class:  7.41 MB
       Class:  3.22 MB
        Both:  10.62 MB

MaxMetaspaceSize: unlimited
CompressedClassSpaceSize: 1.00 GB
Initial GC threshold: 21.00 MB
Current GC threshold: 162.44 MB
CDS: on
 - commit_granule_bytes: 65536.
 - commit_granule_words: 8192.
 - virtual_space_node_default_size: 8388608.
 - enlarge_chunks_in_place: 1.
 - use_allocation_guard: 0.


Internal statistics:

num_allocs_failed_limit: 6.
num_arena_births: 2430.
num_arena_deaths: 904.
num_vsnodes_births: 3.
num_vsnodes_deaths: 0.
num_space_committed: 1612.
num_space_uncommitted: 0.
num_chunks_returned_to_freelist: 1091.
num_chunks_taken_from_freelist: 6748.
num_chunk_merges: 337.
num_chunk_splits: 4305.
num_chunks_enlarged: 3058.
num_inconsistent_stats: 0.

CodeHeap 'non-profiled nmethods': size=120000Kb used=9106Kb max_used=9147Kb free=110893Kb
 bounds [0x000002a5bcd20000, 0x000002a5bd620000, 0x000002a5c4250000]
CodeHeap 'profiled nmethods': size=120000Kb used=20051Kb max_used=21083Kb free=99948Kb
 bounds [0x000002a5b5250000, 0x000002a5b66f0000, 0x000002a5bc780000]
CodeHeap 'non-nmethods': size=5760Kb used=1796Kb max_used=1907Kb free=3963Kb
 bounds [0x000002a5bc780000, 0x000002a5bc9f0000, 0x000002a5bcd20000]
 total_blobs=10628 nmethods=9822 adapters=709
 compilation: enabled
              stopped_count=0, restarted_count=0
 full_count=0

Compilation events (20 events):
Event: 20830.546 Thread 0x000002a5c8e489d0 nmethod 16320 0x000002a5bce36090 code [0x000002a5bce36260, 0x000002a5bce367d8]
Event: 20881.057 Thread 0x000002a5c8e489d0 16321   !   4       java.util.concurrent.CompletableFuture::uniComposeStage (183 bytes)
Event: 20881.587 Thread 0x000002a5c8e489d0 nmethod 16321 0x000002a5bd207f10 code [0x000002a5bd208160, 0x000002a5bd208e28]
Event: 20885.143 Thread 0x000002a5c8e489d0 16322       4       java.util.concurrent.CompletableFuture::thenCompose (7 bytes)
Event: 20885.144 Thread 0x000002a5c8e489d0 nmethod 16322 0x000002a5bd0c2d10 code [0x000002a5bd0c2ea0, 0x000002a5bd0c2f58]
Event: 20910.363 Thread 0x000002a5c8e489d0 16323       4       java.lang.invoke.Invokers$Holder::linkToTargetMethod (10 bytes)
Event: 20910.454 Thread 0x000002a5c8e489d0 nmethod 16323 0x000002a5bd307810 code [0x000002a5bd3079a0, 0x000002a5bd307aa0]
Event: 20920.115 Thread 0x000002a5c8e489d0 16324       4       java.util.ImmutableCollections::listCopy (54 bytes)
Event: 20920.121 Thread 0x000002a5c8e4bc10 16325   !   3       jdk.internal.net.http.SocketTube::readAvailable (217 bytes)
Event: 20920.634 Thread 0x000002a5c8e489d0 nmethod 16324 0x000002a5bd02c690 code [0x000002a5bd02c8a0, 0x000002a5bd02d1b8]
Event: 20920.641 Thread 0x000002a5c8e4bc10 nmethod 16325 0x000002a5b5f20b90 code [0x000002a5b5f20f20, 0x000002a5b5f22628]
Event: 20925.158 Thread 0x000002a5c8e489d0 16326       4       java.util.TreeMap::rotateLeft (96 bytes)
Event: 20925.176 Thread 0x000002a5c8e489d0 nmethod 16326 0x000002a5bd2bc990 code [0x000002a5bd2bcb40, 0x000002a5bd2bd388]
Event: 20925.678 Thread 0x000002a5c8e489d0 16327       4       jdk.internal.misc.Unsafe::weakCompareAndSetLongRelease (11 bytes)
Event: 20925.678 Thread 0x000002a5c8e489d0 nmethod 16327 0x000002a5bd307290 code [0x000002a5bd307420, 0x000002a5bd3074c0]
Event: 20960.095 Thread 0x000002a5c8e489d0 16328   !   4       java.util.concurrent.LinkedTransferQueue$DualNode::await (249 bytes)
Event: 20960.140 Thread 0x000002a5c8e489d0 nmethod 16328 0x000002a5bd18cb90 code [0x000002a5bd18cd80, 0x000002a5bd18d638]
Event: 20985.106 Thread 0x000002a5c8e4bc10 16329       3       java.util.LinkedList$ListItr::remove (84 bytes)
Event: 20985.399 Thread 0x000002a5c8e4bc10 nmethod 16329 0x000002a5b645bd90 code [0x000002a5b645bf80, 0x000002a5b645c438]
Event: 21000.114 Thread 0x000002a5c8e489d0 16330       4       java.net.http.HttpHeaders$$Lambda/0x000002a5cac7bbd0::accept (28 bytes)

GC Heap History (20 events):
Event: 16191.715 GC heap before
{Heap before GC invocations=42 (full 0):
 garbage-first heap   total 205824K, used 188141K [0x0000000082800000, 0x0000000100000000)
  region size 1024K, 69 young (70656K), 5 survivors (5120K)
 Metaspace       used 91790K, committed 93824K, reserved 1179648K
  class space    used 11449K, committed 12352K, reserved 1048576K
}
Event: 16191.757 GC heap after
{Heap after GC invocations=43 (full 0):
 garbage-first heap   total 205824K, used 101559K [0x0000000082800000, 0x0000000100000000)
  region size 1024K, 3 young (3072K), 3 survivors (3072K)
 Metaspace       used 91790K, committed 93824K, reserved 1179648K
  class space    used 11449K, committed 12352K, reserved 1048576K
}
Event: 16210.826 GC heap before
{Heap before GC invocations=43 (full 0):
 garbage-first heap   total 205824K, used 196791K [0x0000000082800000, 0x0000000100000000)
  region size 1024K, 85 young (87040K), 3 survivors (3072K)
 Metaspace       used 92081K, committed 93888K, reserved 1179648K
  class space    used 11458K, committed 12352K, reserved 1048576K
}
Event: 16210.872 GC heap after
{Heap after GC invocations=44 (full 0):
 garbage-first heap   total 215040K, used 103701K [0x0000000082800000, 0x0000000100000000)
  region size 1024K, 8 young (8192K), 8 survivors (8192K)
 Metaspace       used 92081K, committed 93888K, reserved 1179648K
  class space    used 11458K, committed 12352K, reserved 1048576K
}
Event: 16222.287 GC heap before
{Heap before GC invocations=44 (full 0):
 garbage-first heap   total 215040K, used 121109K [0x0000000082800000, 0x0000000100000000)
  region size 1024K, 26 young (26624K), 8 survivors (8192K)
 Metaspace       used 92108K, committed 93888K, reserved 1179648K
  class space    used 11458K, committed 12352K, reserved 1048576K
}
Event: 16222.301 GC heap after
{Heap after GC invocations=45 (full 0):
 garbage-first heap   total 215040K, used 101879K [0x0000000082800000, 0x0000000100000000)
  region size 1024K, 5 young (5120K), 5 survivors (5120K)
 Metaspace       used 92108K, committed 93888K, reserved 1179648K
  class space    used 11458K, committed 12352K, reserved 1048576K
}
Event: 16236.594 GC heap before
{Heap before GC invocations=46 (full 0):
 garbage-first heap   total 215040K, used 207351K [0x0000000082800000, 0x0000000100000000)
  region size 1024K, 99 young (101376K), 5 survivors (5120K)
 Metaspace       used 92889K, committed 94272K, reserved 1179648K
  class space    used 11556K, committed 12352K, reserved 1048576K
}
Event: 16236.600 GC heap after
{Heap after GC invocations=47 (full 0):
 garbage-first heap   total 215040K, used 100561K [0x0000000082800000, 0x0000000100000000)
  region size 1024K, 4 young (4096K), 4 survivors (4096K)
 Metaspace       used 92889K, committed 94272K, reserved 1179648K
  class space    used 11556K, committed 12352K, reserved 1048576K
}
Event: 16425.678 GC heap before
{Heap before GC invocations=47 (full 0):
 garbage-first heap   total 215040K, used 210129K [0x0000000082800000, 0x0000000100000000)
  region size 1024K, 100 young (102400K), 4 survivors (4096K)
 Metaspace       used 93604K, committed 94976K, reserved 1179648K
  class space    used 11585K, committed 12352K, reserved 1048576K
}
Event: 16425.724 GC heap after
{Heap after GC invocations=48 (full 0):
 garbage-first heap   total 228352K, used 109319K [0x0000000082800000, 0x0000000100000000)
  region size 1024K, 13 young (13312K), 13 survivors (13312K)
 Metaspace       used 93604K, committed 94976K, reserved 1179648K
  class space    used 11585K, committed 12352K, reserved 1048576K
}
Event: 16494.590 GC heap before
{Heap before GC invocations=48 (full 0):
 garbage-first heap   total 228352K, used 163591K [0x0000000082800000, 0x0000000100000000)
  region size 1024K, 67 young (68608K), 13 survivors (13312K)
 Metaspace       used 95064K, committed 96192K, reserved 1179648K
  class space    used 11782K, committed 12352K, reserved 1048576K
}
Event: 16494.643 GC heap after
{Heap after GC invocations=49 (full 0):
 garbage-first heap   total 228352K, used 104195K [0x0000000082800000, 0x0000000100000000)
  region size 1024K, 7 young (7168K), 7 survivors (7168K)
 Metaspace       used 95064K, committed 96192K, reserved 1179648K
  class space    used 11782K, committed 12352K, reserved 1048576K
}
Event: 16781.066 GC heap before
{Heap before GC invocations=50 (full 0):
 garbage-first heap   total 228352K, used 207619K [0x0000000082800000, 0x0000000100000000)
  region size 1024K, 97 young (99328K), 7 survivors (7168K)
 Metaspace       used 97573K, committed 98752K, reserved 1179648K
  class space    used 12078K, committed 12672K, reserved 1048576K
}
Event: 16781.128 GC heap after
{Heap after GC invocations=51 (full 0):
 garbage-first heap   total 228352K, used 107345K [0x0000000082800000, 0x0000000100000000)
  region size 1024K, 10 young (10240K), 10 survivors (10240K)
 Metaspace       used 97573K, committed 98752K, reserved 1179648K
  class space    used 12078K, committed 12672K, reserved 1048576K
}
Event: 16865.827 GC heap before
{Heap before GC invocations=51 (full 0):
 garbage-first heap   total 228352K, used 205649K [0x0000000082800000, 0x0000000100000000)
  region size 1024K, 99 young (101376K), 10 survivors (10240K)
 Metaspace       used 98236K, committed 99392K, reserved 1179648K
  class space    used 12116K, committed 12672K, reserved 1048576K
}
Event: 16865.922 GC heap after
{Heap after GC invocations=52 (full 0):
 garbage-first heap   total 229376K, used 114946K [0x0000000082800000, 0x0000000100000000)
  region size 1024K, 13 young (13312K), 13 survivors (13312K)
 Metaspace       used 98236K, committed 99392K, reserved 1179648K
  class space    used 12116K, committed 12672K, reserved 1048576K
}
Event: 16990.535 GC heap before
{Heap before GC invocations=52 (full 0):
 garbage-first heap   total 229376K, used 151810K [0x0000000082800000, 0x0000000100000000)
  region size 1024K, 50 young (51200K), 13 survivors (13312K)
 Metaspace       used 98641K, committed 99776K, reserved 1179648K
  class space    used 12170K, committed 12736K, reserved 1048576K
}
Event: 16990.663 GC heap after
{Heap after GC invocations=53 (full 0):
 garbage-first heap   total 229376K, used 111616K [0x0000000082800000, 0x0000000100000000)
  region size 1024K, 5 young (5120K), 5 survivors (5120K)
 Metaspace       used 98641K, committed 99776K, reserved 1179648K
  class space    used 12170K, committed 12736K, reserved 1048576K
}
Event: 18575.726 GC heap before
{Heap before GC invocations=54 (full 0):
 garbage-first heap   total 229376K, used 209920K [0x0000000082800000, 0x0000000100000000)
  region size 1024K, 90 young (92160K), 5 survivors (5120K)
 Metaspace       used 98918K, committed 100032K, reserved 1179648K
  class space    used 12228K, committed 12800K, reserved 1048576K
}
Event: 18575.799 GC heap after
{Heap after GC invocations=55 (full 0):
 garbage-first heap   total 229376K, used 114961K [0x0000000082800000, 0x0000000100000000)
  region size 1024K, 9 young (9216K), 9 survivors (9216K)
 Metaspace       used 98918K, committed 100032K, reserved 1179648K
  class space    used 12228K, committed 12800K, reserved 1048576K
}

Dll operation events (12 events):
Event: 0.011 Loaded shared library c:\Users\duduh\.vscode\extensions\sonarsource.sonarlint-vscode-4.22.0-win32-x64\jre\21.0.7-win32-x86_64.tar\bin\java.dll
Event: 0.147 Loaded shared library C:\Users\duduh\.vscode\extensions\sonarsource.sonarlint-vscode-4.22.0-win32-x64\jre\21.0.7-win32-x86_64.tar\bin\net.dll
Event: 0.149 Loaded shared library C:\Users\duduh\.vscode\extensions\sonarsource.sonarlint-vscode-4.22.0-win32-x64\jre\21.0.7-win32-x86_64.tar\bin\nio.dll
Event: 0.183 Loaded shared library C:\Users\duduh\.vscode\extensions\sonarsource.sonarlint-vscode-4.22.0-win32-x64\jre\21.0.7-win32-x86_64.tar\bin\zip.dll
Event: 0.206 Loaded shared library c:\Users\duduh\.vscode\extensions\sonarsource.sonarlint-vscode-4.22.0-win32-x64\jre\21.0.7-win32-x86_64.tar\bin\zip.dll
Event: 0.215 Loaded shared library c:\Users\duduh\.vscode\extensions\sonarsource.sonarlint-vscode-4.22.0-win32-x64\jre\21.0.7-win32-x86_64.tar\bin\verify.dll
Event: 0.375 Loaded shared library C:\Users\duduh\.vscode\extensions\sonarsource.sonarlint-vscode-4.22.0-win32-x64\jre\21.0.7-win32-x86_64.tar\bin\jimage.dll
Event: 7.452 Loaded shared library C:\Users\duduh\.vscode\extensions\sonarsource.sonarlint-vscode-4.22.0-win32-x64\jre\21.0.7-win32-x86_64.tar\bin\sunmscapi.dll
Event: 7.676 Loaded shared library C:\Users\duduh\.vscode\extensions\sonarsource.sonarlint-vscode-4.22.0-win32-x64\jre\21.0.7-win32-x86_64.tar\bin\extnet.dll
Event: 8.642 Loaded shared library C:\Users\duduh\.vscode\extensions\sonarsource.sonarlint-vscode-4.22.0-win32-x64\jre\21.0.7-win32-x86_64.tar\bin\management.dll
Event: 8.647 Loaded shared library C:\Users\duduh\.vscode\extensions\sonarsource.sonarlint-vscode-4.22.0-win32-x64\jre\21.0.7-win32-x86_64.tar\bin\management_ext.dll
Event: 97.957 Loaded shared library C:\Users\duduh\AppData\Local\Temp\sonarsource-cfamily-jni10330385965419275120.dll

Deoptimization events (20 events):
Event: 19845.118 Thread 0x000002a60e862c00 Uncommon trap: reason=profile_predicate action=maybe_recompile pc=0x000002a5bd20ad1c method=java.util.concurrent.locks.AbstractQueuedSynchronizer$ConditionObject.await()V @ 47 c2
Event: 19845.118 Thread 0x000002a60e862c00 DEOPT PACKING pc=0x000002a5bd20ad1c sp=0x000000cf90bfeed0
Event: 19845.118 Thread 0x000002a60ee57020 DEOPT PACKING pc=0x000002a5bd20ad1c sp=0x000000cf91aff060
Event: 19845.121 Thread 0x000002a60ee57020 DEOPT UNPACKING pc=0x000002a5bc7d46a2 sp=0x000000cf91afefe0 mode 2
Event: 19845.121 Thread 0x000002a60e862c00 DEOPT UNPACKING pc=0x000002a5bc7d46a2 sp=0x000000cf90bfee58 mode 2
Event: 19845.133 Thread 0x000002a60e6bb810 DEOPT UNPACKING pc=0x000002a5bc7d46a2 sp=0x000000cf907fee78 mode 2
Event: 19850.114 Thread 0x000002a60e6bb810 Uncommon trap: trap_request=0xffffffbe fr.pc=0x000002a5bd20ad1c relative=0x000000000000163c
Event: 19850.114 Thread 0x000002a60e6bb810 Uncommon trap: reason=profile_predicate action=maybe_recompile pc=0x000002a5bd20ad1c method=java.util.concurrent.locks.AbstractQueuedSynchronizer$ConditionObject.await()V @ 47 c2
Event: 19850.114 Thread 0x000002a60e6bb810 DEOPT PACKING pc=0x000002a5bd20ad1c sp=0x000000cf907feef0
Event: 19850.116 Thread 0x000002a60e6bb810 DEOPT UNPACKING pc=0x000002a5bc7d46a2 sp=0x000000cf907fee78 mode 2
Event: 20060.097 Thread 0x000002a60eb77df0 Uncommon trap: trap_request=0xffffff45 fr.pc=0x000002a5bd0cc8e8 relative=0x0000000000000268
Event: 20060.097 Thread 0x000002a60eb77df0 Uncommon trap: reason=unstable_if action=reinterpret pc=0x000002a5bd0cc8e8 method=java.util.concurrent.LinkedTransferQueue$DualNode.await(Ljava/lang/Object;JLjava/lang/Object;Z)Ljava/lang/Object; @ 234 c2
Event: 20060.097 Thread 0x000002a60eb77df0 DEOPT PACKING pc=0x000002a5bd0cc8e8 sp=0x000000cf92dfed40
Event: 20060.098 Thread 0x000002a60eb77df0 DEOPT UNPACKING pc=0x000002a5bc7d46a2 sp=0x000000cf92dfecc0 mode 2
Event: 20145.186 Thread 0x000002a60ee52e80 Uncommon trap: trap_request=0xffffff45 fr.pc=0x000002a5bd2924d8 relative=0x0000000000000618
Event: 20145.190 Thread 0x000002a60ee52e80 Uncommon trap: reason=unstable_if action=reinterpret pc=0x000002a5bd2924d8 method=sun.nio.ch.WEPollSelectorImpl.processUpdateQueue()V @ 122 c2
Event: 20145.190 Thread 0x000002a60ee52e80 DEOPT PACKING pc=0x000002a5bd2924d8 sp=0x000000cf925feed0
Event: 20145.195 Thread 0x000002a60ee52e80 DEOPT UNPACKING pc=0x000002a5bc7d46a2 sp=0x000000cf925fee68 mode 2
Event: 20960.095 Thread 0x000002a60eb742e0 DEOPT PACKING pc=0x000002a5b5b2ed8b sp=0x000000cf92ffea20
Event: 20960.097 Thread 0x000002a60eb742e0 DEOPT UNPACKING pc=0x000002a5bc7d4e42 sp=0x000000cf92ffdfb8 mode 0

Classes loaded (20 events):
Event: 19434.958 Loading class sun/nio/ch/AllocatedNativeObject
Event: 19434.959 Loading class sun/nio/ch/NativeObject
Event: 19434.960 Loading class sun/nio/ch/NativeObject done
Event: 19434.960 Loading class sun/nio/ch/AllocatedNativeObject done
Event: 19434.960 Loading class sun/nio/ch/IOVecWrapper$Deallocator
Event: 19434.960 Loading class sun/nio/ch/IOVecWrapper$Deallocator done
Event: 19434.984 Loading class java/nio/HeapByteBufferR
Event: 19434.985 Loading class java/nio/HeapByteBufferR done
Event: 19434.996 Loading class sun/net/www/HeaderParser
Event: 19434.997 Loading class sun/net/www/HeaderParser done
Event: 19435.015 Loading class java/util/stream/FindOps$FindSink$OfLong
Event: 19435.016 Loading class java/util/stream/FindOps$FindSink$OfLong done
Event: 19435.017 Loading class java/util/OptionalLong
Event: 19435.017 Loading class java/util/OptionalLong done
Event: 19435.025 Loading class java/lang/invoke/VarHandleBytes$FieldInstanceReadWrite
Event: 19435.025 Loading class java/lang/invoke/VarHandleBytes$FieldInstanceReadOnly
Event: 19435.026 Loading class java/lang/invoke/VarHandleBytes$FieldInstanceReadOnly done
Event: 19435.026 Loading class java/lang/invoke/VarHandleBytes$FieldInstanceReadWrite done
Event: 19437.310 Loading class java/util/LinkedList$DescendingIterator
Event: 19437.311 Loading class java/util/LinkedList$DescendingIterator done

Classes unloaded (20 events):
Event: 16495.243 Thread 0x000002a5c8e21660 Unloading class 0x000002a5caaf8000 'GeneratedBySSLR'
Event: 16495.243 Thread 0x000002a5c8e21660 Unloading class 0x000002a5cabc4000 'GeneratedBySSLR'
Event: 16495.244 Thread 0x000002a5c8e21660 Unloading class 0x000002a5cac0a800 'GeneratedBySSLR'
Event: 16495.244 Thread 0x000002a5c8e21660 Unloading class 0x000002a5cac0a000 'GeneratedBySSLR'
Event: 16991.735 Thread 0x000002a5c8e21660 Unloading class 0x000002a5ca0b7000 'GeneratedBySSLR'
Event: 16991.735 Thread 0x000002a5c8e21660 Unloading class 0x000002a5ca0b8000 'GeneratedBySSLR'
Event: 16991.735 Thread 0x000002a5c8e21660 Unloading class 0x000002a5ca88d800 'GeneratedBySSLR'
Event: 16991.735 Thread 0x000002a5c8e21660 Unloading class 0x000002a5ca893000 'GeneratedBySSLR'
Event: 16991.736 Thread 0x000002a5c8e21660 Unloading class 0x000002a5ca8a4000 'GeneratedBySSLR'
Event: 16991.736 Thread 0x000002a5c8e21660 Unloading class 0x000002a5ca8b8000 'GeneratedBySSLR'
Event: 16991.736 Thread 0x000002a5c8e21660 Unloading class 0x000002a5ca845000 'GeneratedBySSLR'
Event: 16991.737 Thread 0x000002a5c8e21660 Unloading class 0x000002a5ca8bd800 'GeneratedBySSLR'
Event: 16991.738 Thread 0x000002a5c8e21660 Unloading class 0x000002a5ca8b9000 'GeneratedBySSLR'
Event: 16991.738 Thread 0x000002a5c8e21660 Unloading class 0x000002a5ca8ba000 'GeneratedBySSLR'
Event: 16991.739 Thread 0x000002a5c8e21660 Unloading class 0x000002a5ca8bb800 'GeneratedBySSLR'
Event: 16991.739 Thread 0x000002a5c8e21660 Unloading class 0x000002a5ca8bd000 'GeneratedBySSLR'
Event: 16991.739 Thread 0x000002a5c8e21660 Unloading class 0x000002a5ca930000 'GeneratedBySSLR'
Event: 16991.739 Thread 0x000002a5c8e21660 Unloading class 0x000002a5ca931000 'GeneratedBySSLR'
Event: 16991.740 Thread 0x000002a5c8e21660 Unloading class 0x000002a5ca98c000 'GeneratedBySSLR'
Event: 16991.740 Thread 0x000002a5c8e21660 Unloading class 0x000002a5caaf4000 'GeneratedBySSLR'

Classes redefined (0 events):
No events

Internal exceptions (20 events):
Event: 19433.976 Thread 0x000002a60ee52e80 Exception <a 'java/net/ConnectException'{0x000000008d1b1620}: Connection refused: getsockopt> (0x000000008d1b1620) 
thrown [s\src\hotspot\share\prims\jni.cpp, line 539]
Event: 19433.978 Thread 0x000002a60ee52e80 Exception <a 'java/net/ConnectException'{0x000000008d1b1ff0}: Connection refused: getsockopt> (0x000000008d1b1ff0) 
thrown [s\src\hotspot\share\prims\jni.cpp, line 539]
Event: 19434.147 Thread 0x000002a60ee52e80 Exception <a 'java/net/ConnectException'{0x000000008d1b29e0}: Connection refused: getsockopt> (0x000000008d1b29e0) 
thrown [s\src\hotspot\share\prims\jni.cpp, line 539]
Event: 19434.150 Thread 0x000002a60ee52e80 Exception <a 'java/net/ConnectException'{0x000000008d1c4078}: Connection refused: getsockopt> (0x000000008d1c4078) 
thrown [s\src\hotspot\share\prims\jni.cpp, line 539]
Event: 19434.305 Thread 0x000002a60ee52e80 Exception <a 'java/net/ConnectException'{0x000000008d1c4a40}: Connection refused: getsockopt> (0x000000008d1c4a40) 
thrown [s\src\hotspot\share\prims\jni.cpp, line 539]
Event: 19434.311 Thread 0x000002a60ee52e80 Exception <a 'java/net/ConnectException'{0x000000008d1c5410}: Connection refused: getsockopt> (0x000000008d1c5410) 
thrown [s\src\hotspot\share\prims\jni.cpp, line 539]
Event: 19434.467 Thread 0x000002a60ee52e80 Exception <a 'java/net/ConnectException'{0x000000008d1c5de0}: Connection refused: getsockopt> (0x000000008d1c5de0) 
thrown [s\src\hotspot\share\prims\jni.cpp, line 539]
Event: 19434.471 Thread 0x000002a60ee52e80 Exception <a 'java/net/ConnectException'{0x000000008d1c67c8}: Connection refused: getsockopt> (0x000000008d1c67c8) 
thrown [s\src\hotspot\share\prims\jni.cpp, line 539]
Event: 19434.649 Thread 0x000002a60ee52e80 Exception <a 'java/net/ConnectException'{0x000000008d1c6f50}: Connection refused: getsockopt> (0x000000008d1c6f50) 
thrown [s\src\hotspot\share\prims\jni.cpp, line 539]
Event: 19434.651 Thread 0x000002a60ee52e80 Exception <a 'java/net/ConnectException'{0x000000008d1cbe30}: Connection refused: getsockopt> (0x000000008d1cbe30) 
thrown [s\src\hotspot\share\prims\jni.cpp, line 539]
Event: 19434.795 Thread 0x000002a60ee52e80 Exception <a 'java/net/ConnectException'{0x000000008d1cc7f8}: Connection refused: getsockopt> (0x000000008d1cc7f8) 
thrown [s\src\hotspot\share\prims\jni.cpp, line 539]
Event: 19434.797 Thread 0x000002a60ee52e80 Exception <a 'java/net/ConnectException'{0x000000008d1cd1c8}: Connection refused: getsockopt> (0x000000008d1cd1c8) 
thrown [s\src\hotspot\share\prims\jni.cpp, line 539]
Event: 19435.685 Thread 0x000002a60ee527f0 Exception <a 'java/lang/NoSuchMethodError'{0x000000008cf598e8}: method resolution failed> (0x000000008cf598e8) 
thrown [s\src\hotspot\share\prims\methodHandles.cpp, line 1144]
Event: 19466.139 Thread 0x000002a60ee527f0 Exception <a 'java/lang/NoSuchMethodError'{0x000000008c4862b0}: 'java.lang.Object java.lang.invoke.DelegatingMethodHandle$Holder.reinvoke_L(java.lang.Object, java.lang.Object, java.lang.Object, java.lang.Object, java.lang.Object, int, int, int, int, int)'> (0x000000008c4862b0) 
thrown [s\src\hotspot\share\interpreter\linkResolver.cpp, line 773]
Event: 19466.585 Thread 0x000002a60eb71b80 Exception <a 'java/lang/InterruptedException'{0x000000008c8934f0}: sleep interrupted> (0x000000008c8934f0) 
thrown [s\src\hotspot\share\prims\jvm.cpp, line 3074]
Event: 19470.043 Thread 0x000002a60eb75000 Exception <a 'java/lang/InterruptedException'{0x000000008ba23358}: sleep interrupted> (0x000000008ba23358) 
thrown [s\src\hotspot\share\prims\jvm.cpp, line 3074]
Event: 19470.345 Thread 0x000002a60ee527f0 Exception <a 'sun/nio/fs/WindowsException'{0x000000008bbb0e10}> (0x000000008bbb0e10) 
thrown [s\src\hotspot\share\prims\jni.cpp, line 520]
Event: 19470.360 Thread 0x000002a60ee527f0 Exception <a 'sun/nio/fs/WindowsException'{0x000000008bbbc308}> (0x000000008bbbc308) 
thrown [s\src\hotspot\share\prims\jni.cpp, line 520]
Event: 19470.369 Thread 0x000002a60ee527f0 Exception <a 'sun/nio/fs/WindowsException'{0x000000008bbc7278}> (0x000000008bbc7278) 
thrown [s\src\hotspot\share\prims\jni.cpp, line 520]
Event: 19470.375 Thread 0x000002a60ee527f0 Exception <a 'sun/nio/fs/WindowsException'{0x000000008bbd1e30}> (0x000000008bbd1e30) 
thrown [s\src\hotspot\share\prims\jni.cpp, line 520]

ZGC Phase Switch (0 events):
No events

VM Operations (20 events):
Event: 20750.555 Executing VM operation: Cleanup
Event: 20750.555 Executing VM operation: Cleanup done
Event: 20804.583 Executing VM operation: HandshakeAllThreads (HandshakeForDeflation)
Event: 20804.584 Executing VM operation: HandshakeAllThreads (HandshakeForDeflation) done
Event: 20804.584 Executing VM operation: RendezvousGCThreads
Event: 20804.584 Executing VM operation: RendezvousGCThreads done
Event: 20864.900 Executing VM operation: HandshakeAllThreads (HandshakeForDeflation)
Event: 20864.900 Executing VM operation: HandshakeAllThreads (HandshakeForDeflation) done
Event: 20864.900 Executing VM operation: RendezvousGCThreads
Event: 20864.900 Executing VM operation: RendezvousGCThreads done
Event: 20886.087 Executing VM operation: Cleanup
Event: 20886.087 Executing VM operation: Cleanup done
Event: 20925.007 Executing VM operation: HandshakeAllThreads (HandshakeForDeflation)
Event: 20925.025 Executing VM operation: HandshakeAllThreads (HandshakeForDeflation) done
Event: 20925.037 Executing VM operation: RendezvousGCThreads
Event: 20925.037 Executing VM operation: RendezvousGCThreads done
Event: 20985.207 Executing VM operation: HandshakeAllThreads (HandshakeForDeflation)
Event: 20985.254 Executing VM operation: HandshakeAllThreads (HandshakeForDeflation) done
Event: 20985.254 Executing VM operation: RendezvousGCThreads
Event: 20985.254 Executing VM operation: RendezvousGCThreads done

Memory protections (0 events):
No events

Nmethod flushes (20 events):
Event: 16992.326 Thread 0x000002a5c8e21660 flushing  nmethod 0x000002a5b63bc990
Event: 16992.326 Thread 0x000002a5c8e21660 flushing  nmethod 0x000002a5b63d4410
Event: 16992.326 Thread 0x000002a5c8e21660 flushing  nmethod 0x000002a5b6418c10
Event: 16992.326 Thread 0x000002a5c8e21660 flushing  nmethod 0x000002a5b6419810
Event: 16992.326 Thread 0x000002a5c8e21660 flushing  nmethod 0x000002a5b645aa90
Event: 16992.326 Thread 0x000002a5c8e21660 flushing  nmethod 0x000002a5b645bd90
Event: 16992.326 Thread 0x000002a5c8e21660 flushing  nmethod 0x000002a5b647d290
Event: 16992.326 Thread 0x000002a5c8e21660 flushing  nmethod 0x000002a5b6482690
Event: 16992.326 Thread 0x000002a5c8e21660 flushing  nmethod 0x000002a5b6487110
Event: 16992.326 Thread 0x000002a5c8e21660 flushing  nmethod 0x000002a5b64a0e10
Event: 16992.326 Thread 0x000002a5c8e21660 flushing  nmethod 0x000002a5b64a3290
Event: 16992.327 Thread 0x000002a5c8e21660 flushing  nmethod 0x000002a5b64e5790
Event: 16992.327 Thread 0x000002a5c8e21660 flushing  nmethod 0x000002a5b64ea590
Event: 16992.327 Thread 0x000002a5c8e21660 flushing  nmethod 0x000002a5b64eb910
Event: 16992.327 Thread 0x000002a5c8e21660 flushing  nmethod 0x000002a5b64ebc90
Event: 16992.327 Thread 0x000002a5c8e21660 flushing  nmethod 0x000002a5b64ec090
Event: 16992.327 Thread 0x000002a5c8e21660 flushing  nmethod 0x000002a5b64ee090
Event: 16992.327 Thread 0x000002a5c8e21660 flushing  nmethod 0x000002a5b6508590
Event: 16992.327 Thread 0x000002a5c8e21660 flushing  nmethod 0x000002a5b650a210
Event: 16992.327 Thread 0x000002a5c8e21660 flushing  nmethod 0x000002a5b652cb90

Events (20 events):
Event: 19468.471 Thread 0x000002a60ee527f0 Thread added: 0x000002a60eb75000
Event: 19468.471 Thread 0x000002a60ee527f0 Thread added: 0x000002a60eb75690
Event: 19468.966 Thread 0x000002a60eb75690 Thread added: 0x000002a60eb71b80
Event: 19469.325 Thread 0x000002a60eb75690 Thread added: 0x000002a60eb72210
Event: 19469.666 Thread 0x000002a60eb75690 Thread added: 0x000002a60eb728a0
Event: 19469.786 Thread 0x000002a60eb75690 Thread added: 0x000002a612d45290
Event: 19470.044 Thread 0x000002a60eb75000 Thread exited: 0x000002a60eb75000
Event: 19470.046 Thread 0x000002a60eb75690 Thread exited: 0x000002a60eb75690
Event: 19470.047 Thread 0x000002a60eb74970 Thread exited: 0x000002a60eb74970
Event: 19470.047 Thread 0x000002a60eb728a0 Thread exited: 0x000002a60eb728a0
Event: 19470.047 Thread 0x000002a60eb72210 Thread exited: 0x000002a60eb72210
Event: 19470.047 Thread 0x000002a60eb71b80 Thread exited: 0x000002a60eb71b80
Event: 19470.047 Thread 0x000002a612d45290 Thread exited: 0x000002a612d45290
Event: 19483.962 Thread 0x000002a60eb77760 Thread exited: 0x000002a60eb77760
Event: 19500.917 Thread 0x000002a60eb735c0 Thread exited: 0x000002a60eb735c0
Event: 19589.964 Thread 0x000002a60eb770d0 Thread exited: 0x000002a60eb770d0
Event: 19723.089 Thread 0x000002a60e8641b0 Thread added: 0x000002a612d424a0
Event: 19783.110 Thread 0x000002a612d424a0 Thread exited: 0x000002a612d424a0
Event: 20836.877 Thread 0x000002a60e8641b0 Thread added: 0x000002a612d431c0
Event: 20922.995 Thread 0x000002a612d431c0 Thread exited: 0x000002a612d431c0


Dynamic libraries:
0x00007ff62ab50000 - 0x00007ff62ab5e000 	c:\Users\duduh\.vscode\extensions\sonarsource.sonarlint-vscode-4.22.0-win32-x64\jre\21.0.7-win32-x86_64.tar\bin\java.exe
0x00007ffa2c550000 - 0x00007ffa2c748000 	C:\WINDOWS\SYSTEM32\ntdll.dll
0x00007ffa2afa0000 - 0x00007ffa2b062000 	C:\WINDOWS\System32\KERNEL32.DLL
0x00007ffa29fd0000 - 0x00007ffa2a2c6000 	C:\WINDOWS\System32\KERNELBASE.dll
0x00007ffa29be0000 - 0x00007ffa29ce0000 	C:\WINDOWS\System32\ucrtbase.dll
0x00007ffa13d80000 - 0x00007ffa13d98000 	c:\Users\duduh\.vscode\extensions\sonarsource.sonarlint-vscode-4.22.0-win32-x64\jre\21.0.7-win32-x86_64.tar\bin\jli.dll
0x00007ffa03870000 - 0x00007ffa0388e000 	c:\Users\duduh\.vscode\extensions\sonarsource.sonarlint-vscode-4.22.0-win32-x64\jre\21.0.7-win32-x86_64.tar\bin\VCRUNTIME140.dll
0x00007ffa2b930000 - 0x00007ffa2bacd000 	C:\WINDOWS\System32\USER32.dll
0x00007ffa2a3b0000 - 0x00007ffa2a3d2000 	C:\WINDOWS\System32\win32u.dll
0x00007ffa2ae30000 - 0x00007ffa2ae5b000 	C:\WINDOWS\System32\GDI32.dll
0x00007ffa0fe40000 - 0x00007ffa100da000 	C:\WINDOWS\WinSxS\amd64_microsoft.windows.common-controls_6595b64144ccf1df_6.0.19041.4355_none_60b8b9eb71f62e16\COMCTL32.dll
0x00007ffa29e00000 - 0x00007ffa29f1a000 	C:\WINDOWS\System32\gdi32full.dll
0x00007ffa2abf0000 - 0x00007ffa2ac8e000 	C:\WINDOWS\System32\msvcrt.dll
0x00007ffa29d60000 - 0x00007ffa29dfd000 	C:\WINDOWS\System32\msvcp_win.dll
0x00007ffa2aa10000 - 0x00007ffa2aa3f000 	C:\WINDOWS\System32\IMM32.DLL
0x00007ffa24710000 - 0x00007ffa2471c000 	c:\Users\duduh\.vscode\extensions\sonarsource.sonarlint-vscode-4.22.0-win32-x64\jre\21.0.7-win32-x86_64.tar\bin\vcruntime140_1.dll
0x00007ff9e2820000 - 0x00007ff9e28ad000 	c:\Users\duduh\.vscode\extensions\sonarsource.sonarlint-vscode-4.22.0-win32-x64\jre\21.0.7-win32-x86_64.tar\bin\msvcp140.dll
0x00007ff986ef0000 - 0x00007ff987c80000 	c:\Users\duduh\.vscode\extensions\sonarsource.sonarlint-vscode-4.22.0-win32-x64\jre\21.0.7-win32-x86_64.tar\bin\server\jvm.dll
0x00007ffa2c3d0000 - 0x00007ffa2c47f000 	C:\WINDOWS\System32\ADVAPI32.dll
0x00007ffa2b080000 - 0x00007ffa2b11f000 	C:\WINDOWS\System32\sechost.dll
0x00007ffa2c2a0000 - 0x00007ffa2c3c3000 	C:\WINDOWS\System32\RPCRT4.dll
0x00007ffa2a3e0000 - 0x00007ffa2a407000 	C:\WINDOWS\System32\bcrypt.dll
0x00007ffa2ac90000 - 0x00007ffa2acfb000 	C:\WINDOWS\System32\WS2_32.dll
0x00007ffa29990000 - 0x00007ffa299db000 	C:\WINDOWS\SYSTEM32\POWRPROF.dll
0x00007ffa236a0000 - 0x00007ffa236c7000 	C:\WINDOWS\SYSTEM32\WINMM.dll
0x00007ffa18cb0000 - 0x00007ffa18cba000 	C:\WINDOWS\SYSTEM32\VERSION.dll
0x00007ffa29960000 - 0x00007ffa29972000 	C:\WINDOWS\SYSTEM32\UMPDC.dll
0x00007ffa283c0000 - 0x00007ffa283d2000 	C:\WINDOWS\SYSTEM32\kernel.appcore.dll
0x00007ffa236d0000 - 0x00007ffa236da000 	c:\Users\duduh\.vscode\extensions\sonarsource.sonarlint-vscode-4.22.0-win32-x64\jre\21.0.7-win32-x86_64.tar\bin\jimage.dll
0x00007ffa275c0000 - 0x00007ffa277a4000 	C:\WINDOWS\SYSTEM32\DBGHELP.DLL
0x00007ffa09e10000 - 0x00007ffa09e44000 	C:\WINDOWS\SYSTEM32\dbgcore.DLL
0x00007ffa2a320000 - 0x00007ffa2a3a2000 	C:\WINDOWS\System32\bcryptPrimitives.dll
0x00007ffa02290000 - 0x00007ffa022af000 	c:\Users\duduh\.vscode\extensions\sonarsource.sonarlint-vscode-4.22.0-win32-x64\jre\21.0.7-win32-x86_64.tar\bin\java.dll
0x00007ffa2bb30000 - 0x00007ffa2c29f000 	C:\WINDOWS\System32\SHELL32.dll
0x00007ffa27c00000 - 0x00007ffa283a3000 	C:\WINDOWS\SYSTEM32\windows.storage.dll
0x00007ffa2a6b0000 - 0x00007ffa2aa05000 	C:\WINDOWS\System32\combase.dll
0x00007ffa29460000 - 0x00007ffa2948b000 	C:\WINDOWS\SYSTEM32\Wldp.dll
0x00007ffa2b860000 - 0x00007ffa2b92d000 	C:\WINDOWS\System32\OLEAUT32.dll
0x00007ffa2b120000 - 0x00007ffa2b1cd000 	C:\WINDOWS\System32\SHCORE.dll
0x00007ffa2bad0000 - 0x00007ffa2bb25000 	C:\WINDOWS\System32\shlwapi.dll
0x00007ffa29b10000 - 0x00007ffa29b35000 	C:\WINDOWS\SYSTEM32\profapi.dll
0x00007ffa20ff0000 - 0x00007ffa21000000 	C:\Users\duduh\.vscode\extensions\sonarsource.sonarlint-vscode-4.22.0-win32-x64\jre\21.0.7-win32-x86_64.tar\bin\net.dll
0x00007ffa25b00000 - 0x00007ffa25c0a000 	C:\WINDOWS\SYSTEM32\WINHTTP.dll
0x00007ffa29240000 - 0x00007ffa292ac000 	C:\WINDOWS\system32\mswsock.dll
0x00007ffa03430000 - 0x00007ffa03446000 	C:\Users\duduh\.vscode\extensions\sonarsource.sonarlint-vscode-4.22.0-win32-x64\jre\21.0.7-win32-x86_64.tar\bin\nio.dll
0x00007ff9ffef0000 - 0x00007ff9fff08000 	C:\Users\duduh\.vscode\extensions\sonarsource.sonarlint-vscode-4.22.0-win32-x64\jre\21.0.7-win32-x86_64.tar\bin\zip.dll
0x00007ffa20960000 - 0x00007ffa20970000 	c:\Users\duduh\.vscode\extensions\sonarsource.sonarlint-vscode-4.22.0-win32-x64\jre\21.0.7-win32-x86_64.tar\bin\verify.dll
0x00007ffa294a0000 - 0x00007ffa294b8000 	C:\WINDOWS\SYSTEM32\CRYPTSP.dll
0x00007ffa28b80000 - 0x00007ffa28bb8000 	C:\WINDOWS\system32\rsaenh.dll
0x00007ffa29a90000 - 0x00007ffa29abe000 	C:\WINDOWS\SYSTEM32\USERENV.dll
0x00007ffa293d0000 - 0x00007ffa293dc000 	C:\WINDOWS\SYSTEM32\CRYPTBASE.dll
0x00007ffa28f40000 - 0x00007ffa28f7b000 	C:\WINDOWS\SYSTEM32\IPHLPAPI.DLL
0x00007ffa2b2b0000 - 0x00007ffa2b2b8000 	C:\WINDOWS\System32\NSI.dll
0x00007ffa1fd70000 - 0x00007ffa1fd7e000 	C:\Users\duduh\.vscode\extensions\sonarsource.sonarlint-vscode-4.22.0-win32-x64\jre\21.0.7-win32-x86_64.tar\bin\sunmscapi.dll
0x00007ffa2a410000 - 0x00007ffa2a56d000 	C:\WINDOWS\System32\CRYPT32.dll
0x00007ffa29610000 - 0x00007ffa29637000 	C:\WINDOWS\SYSTEM32\ncrypt.dll
0x00007ffa295d0000 - 0x00007ffa2960b000 	C:\WINDOWS\SYSTEM32\NTASN1.dll
0x00007ff9fa5b0000 - 0x00007ff9fa5b7000 	C:\WINDOWS\system32\wshunix.dll
0x00007ff9fa020000 - 0x00007ff9fa029000 	C:\Users\duduh\.vscode\extensions\sonarsource.sonarlint-vscode-4.22.0-win32-x64\jre\21.0.7-win32-x86_64.tar\bin\extnet.dll
0x00007ff9fa010000 - 0x00007ff9fa01a000 	C:\Users\duduh\.vscode\extensions\sonarsource.sonarlint-vscode-4.22.0-win32-x64\jre\21.0.7-win32-x86_64.tar\bin\management.dll
0x00007ff9f9960000 - 0x00007ff9f996b000 	C:\Users\duduh\.vscode\extensions\sonarsource.sonarlint-vscode-4.22.0-win32-x64\jre\21.0.7-win32-x86_64.tar\bin\management_ext.dll
0x00007ffa2a680000 - 0x00007ffa2a688000 	C:\WINDOWS\System32\PSAPI.DLL
0x00007ffa01f70000 - 0x00007ffa01f87000 	C:\WINDOWS\system32\napinsp.dll
0x00007ffa01f50000 - 0x00007ffa01f6b000 	C:\WINDOWS\system32\pnrpnsp.dll
0x00007ffa246f0000 - 0x00007ffa2470d000 	C:\WINDOWS\system32\NLAapi.dll
0x00007ffa28f80000 - 0x00007ffa2904a000 	C:\WINDOWS\SYSTEM32\DNSAPI.dll
0x00007ffa01e20000 - 0x00007ffa01e32000 	C:\WINDOWS\System32\winrnr.dll
0x00007ffa229a0000 - 0x00007ffa229b5000 	C:\WINDOWS\system32\wshbth.dll
0x00007ffa1fb90000 - 0x00007ffa1fb9a000 	C:\Windows\System32\rasadhlp.dll
0x00007ffa18820000 - 0x00007ffa188a0000 	C:\WINDOWS\System32\fwpuclnt.dll
0x00007ff9f8cd0000 - 0x00007ff9f8ced000 	C:\Users\duduh\AppData\Local\Temp\sonarsource-cfamily-jni10330385965419275120.dll

dbghelp: loaded successfully - version: 4.0.5 - missing functions: none
symbol engine: initialized successfully - sym options: 0x614 - pdb path: .;c:\Users\duduh\.vscode\extensions\sonarsource.sonarlint-vscode-4.22.0-win32-x64\jre\21.0.7-win32-x86_64.tar\bin;C:\WINDOWS\SYSTEM32;C:\WINDOWS\WinSxS\amd64_microsoft.windows.common-controls_6595b64144ccf1df_6.0.19041.4355_none_60b8b9eb71f62e16;c:\Users\duduh\.vscode\extensions\sonarsource.sonarlint-vscode-4.22.0-win32-x64\jre\21.0.7-win32-x86_64.tar\bin\server;C:\Users\duduh\AppData\Local\Temp

VM Arguments:
java_command: c:\Users\duduh\.vscode\extensions\sonarsource.sonarlint-vscode-4.22.0-win32-x64\server\sonarlint-ls.jar -stdio -analyzers c:\Users\duduh\.vscode\extensions\sonarsource.sonarlint-vscode-4.22.0-win32-x64\analyzers\sonargo.jar c:\Users\duduh\.vscode\extensions\sonarsource.sonarlint-vscode-4.22.0-win32-x64\analyzers\sonarjava.jar c:\Users\duduh\.vscode\extensions\sonarsource.sonarlint-vscode-4.22.0-win32-x64\analyzers\sonarjavasymbolicexecution.jar c:\Users\duduh\.vscode\extensions\sonarsource.sonarlint-vscode-4.22.0-win32-x64\analyzers\sonarjs.jar c:\Users\duduh\.vscode\extensions\sonarsource.sonarlint-vscode-4.22.0-win32-x64\analyzers\sonarphp.jar c:\Users\duduh\.vscode\extensions\sonarsource.sonarlint-vscode-4.22.0-win32-x64\analyzers\sonarpython.jar c:\Users\duduh\.vscode\extensions\sonarsource.sonarlint-vscode-4.22.0-win32-x64\analyzers\sonarhtml.jar c:\Users\duduh\.vscode\extensions\sonarsource.sonarlint-vscode-4.22.0-win32-x64\analyzers\sonarxml.jar c:\Users\duduh\.vscode\extensions\sonarsource.sonarlint-vscode-4.22.0-win32-x64\analyzers\sonartext.jar c:\Users\duduh\.vscode\extensions\sonarsource.sonarlint-vscode-4.22.0-win32-x64\analyzers\sonariac.jar c:\Users\duduh\.vscode\extensions\sonarsource.sonarlint-vscode-4.22.0-win32-x64\analyzers\sonarlintomnisharp.jar c:\Users\duduh\.vscode\extensions\sonarsource.sonarlint_ondemand-analyzers\sonar-cfamily-plugin\6.66.0.83483\sonarcfamily.jar
java_class_path (initial): c:\Users\duduh\.vscode\extensions\sonarsource.sonarlint-vscode-4.22.0-win32-x64\server\sonarlint-ls.jar
Launcher Type: SUN_STANDARD

[Global flags]
     intx CICompilerCount                          = 3                                         {product} {ergonomic}
     uint ConcGCThreads                            = 1                                         {product} {ergonomic}
     uint G1ConcRefinementThreads                  = 4                                         {product} {ergonomic}
   size_t G1HeapRegionSize                         = 1048576                                   {product} {ergonomic}
    uintx GCDrainStackTargetSize                   = 64                                        {product} {ergonomic}
   size_t InitialHeapSize                          = 132120576                                 {product} {ergonomic}
   size_t MarkStackSize                            = 4194304                                   {product} {ergonomic}
   size_t MaxHeapSize                              = 2105540608                                {product} {ergonomic}
   size_t MaxNewSize                               = 1262485504                                {product} {ergonomic}
   size_t MinHeapDeltaBytes                        = 1048576                                   {product} {ergonomic}
   size_t MinHeapSize                              = 8388608                                   {product} {ergonomic}
    uintx NonNMethodCodeHeapSize                   = 5832780                                {pd product} {ergonomic}
    uintx NonProfiledCodeHeapSize                  = 122912730                              {pd product} {ergonomic}
    uintx ProfiledCodeHeapSize                     = 122912730                              {pd product} {ergonomic}
    uintx ReservedCodeCacheSize                    = 251658240                              {pd product} {ergonomic}
     bool SegmentedCodeCache                       = true                                      {product} {ergonomic}
   size_t SoftMaxHeapSize                          = 2105540608                             {manageable} {ergonomic}
     bool UseCompressedOops                        = true                           {product lp64_product} {ergonomic}
     bool UseG1GC                                  = true                                      {product} {ergonomic}
     bool UseLargePagesIndividualAllocation        = false                                  {pd product} {ergonomic}

Logging:
Log output configuration:
 #0: stdout all=warning uptime,level,tags foldmultilines=false
 #1: stderr all=off uptime,level,tags foldmultilines=false

Environment Variables:
PATH=C:\Program Files\Python313\Scripts\;C:\Program Files\Python313\;C:\Program Files\Eclipse Adoptium\jdk-21.0.5.11-hotspot\bin;C:\Program Files\Eclipse Adoptium\jre-21.0.5.11-hotspot\bin;C:\WINDOWS\system32;C:\WINDOWS;C:\WINDOWS\System32\Wbem;C:\WINDOWS\System32\WindowsPowerShell\v1.0\;C:\WINDOWS\System32\OpenSSH\;C:\Program Files\dotnet\;C:\Program Files\Git\cmd;C:\Program Files (x86)\ZeroTier\One\;C:\Program Files\GitHub CLI\;C:\Program Files\nodejs\;C:\Program Files\Docker\Docker\resources\bin;C:\Program Files\MySQL\MySQL Shell 8.0\bin\;C:\Users\duduh\AppData\Local\Microsoft\WindowsApps;C:\Users\duduh\AppData\Local\Programs\Microsoft VS Code\bin;C:\Users\duduh\AppData\Local\GitHubDesktop\bin;C:\Users\duduh\AppData\Roaming\npm
USERNAME=duduh
OS=Windows_NT
PROCESSOR_IDENTIFIER=Intel64 Family 6 Model 142 Stepping 12, GenuineIntel
TMP=C:\Users\duduh\AppData\Local\Temp
TEMP=C:\Users\duduh\AppData\Local\Temp




Periodic native trim disabled

---------------  S Y S T E M  ---------------

OS:
 Windows 10 , 64 bit Build 19041 (10.0.19041.5678)
OS uptime: 6 days 23:51 hours
Hyper-V role detected

CPU: total 4 (initial active 4) (2 cores per cpu, 2 threads per core) family 6 model 142 stepping 12 microcode 0xde, cx8, cmov, fxsr, ht, mmx, 3dnowpref, sse, sse2, sse3, ssse3, sse4.1, sse4.2, popcnt, lzcnt, tsc, tscinvbit, avx, avx2, aes, erms, clmul, bmi1, bmi2, adx, fma, vzeroupper, clflush, clflushopt, hv, rdtscp, f16c
Processor Information for the first 4 processors :
  Max Mhz: 2592, Current Mhz: 2592, Mhz Limit: 2073

Memory: 4k page, system-wide physical 8025M (69M free)
TotalPageFile size 32601M (AvailPageFile size 0M)
current process WorkingSet (physical memory assigned to process): 47M, peak: 438M
current process commit charge ("private bytes"): 511M, peak: 520M

vm_info: OpenJDK 64-Bit Server VM (21.0.7+6-LTS) for windows-amd64 JRE (21.0.7+6-LTS), built on 2025-04-15T00:00:00Z by "admin" with MS VC++ 17.7 (VS2022)

END.
